#
# There is insufficient memory for the Java Runtime Environment to continue.
# Native memory allocation (mmap) failed to map 140509184 bytes. Error detail: G1 virtual space
# Possible reasons:
#   The system is out of physical RAM or swap space
#   This process is running with CompressedOops enabled, and the Java Heap may be blocking the growth of the native heap
# Possible solutions:
#   Reduce memory load on the system
#   Increase physical memory or swap space
#   Check if swap backing store is full
#   Decrease Java heap size (-Xmx/-Xms)
#   Decrease number of Java threads
#   Decrease Java thread stack sizes (-Xss)
#   Set larger code cache with -XX:ReservedCodeCacheSize=
#   JVM is running with Unscaled Compressed Oops mode in which the Java heap is
#     placed in the first 4GB address space. The Java Heap base address is the
#     maximum limit for the native heap growth. Please use -XX:HeapBaseMinAddress
#     to set the Java Heap base and to place the Java Heap above 4GB virtual address.
# This output file may be truncated or incomplete.
#
#  Out of Memory Error (os_windows.cpp:3702), pid=12020, tid=15664
#
# JRE version: OpenJDK Runtime Environment Microsoft-14653939 (17.0.20+8) (build 17.0.20+8-LTS)
# Java VM: OpenJDK 64-Bit Server VM Microsoft-14653939 (17.0.20+8-LTS, mixed mode, sharing, tiered, compressed oops, compressed class ptrs, g1 gc, windows-amd64)
# No core dump will be written. Minidumps are not enabled by default on client versions of Windows
#

---------------  S U M M A R Y ------------

Command Line: org.jetbrains.kotlin.cli.jvm.K2JVMCompiler @C:\Users\ayoba\OneDrive\Desktop\Seeker\mobile\node_modules\expo-modules-core\android\build\20260808_6171710815547356489.compiler.options

Host: AMD Ryzen 9 4900HS with Radeon Graphics         , 16 cores, 7G,  Windows 11 , 64 bit Build 26100 (10.0.26100.8875)
Time: Sat Aug  8 01:12:14 2026 W. Central Africa Standard Time elapsed time: 164.789025 seconds (0d 0h 2m 44s)

---------------  T H R E A D  ---------------

Current thread (0x000001bcb0647a30):  VMThread "VM Thread" [stack: 0x0000005490700000,0x0000005490800000] [id=15664]

Stack: [0x0000005490700000,0x0000005490800000]
Native frames: (J=compiled Java code, j=interpreted, Vv=VM code, C=native code)
V  [jvm.dll+0x68d159]  (no source info available)
V  [jvm.dll+0x8462c9]  (no source info available)
V  [jvm.dll+0x84803b]  (no source info available)
V  [jvm.dll+0x8486c3]  (no source info available)
V  [jvm.dll+0x24d12f]  (no source info available)
V  [jvm.dll+0x68c559]  (no source info available)
V  [jvm.dll+0x68084a]  (no source info available)
V  [jvm.dll+0x3103f0]  (no source info available)
V  [jvm.dll+0x310292]  (no source info available)
V  [jvm.dll+0x317809]  (no source info available)
V  [jvm.dll+0x369b89]  (no source info available)
V  [jvm.dll+0x369dbd]  (no source info available)
V  [jvm.dll+0x2e6bfa]  (no source info available)
V  [jvm.dll+0x2e4ff1]  (no source info available)
V  [jvm.dll+0x2e478c]  (no source info available)
V  [jvm.dll+0x3290db]  (no source info available)
V  [jvm.dll+0x84cf4d]  (no source info available)
V  [jvm.dll+0x84dc63]  (no source info available)
V  [jvm.dll+0x84e194]  (no source info available)
V  [jvm.dll+0x84e578]  (no source info available)
V  [jvm.dll+0x84e66e]  (no source info available)
V  [jvm.dll+0x7f67dc]  (no source info available)
V  [jvm.dll+0x68e6f7]  (no source info available)
C  [ucrtbase.dll+0x2cd30]  (no source info available)
C  [KERNEL32.DLL+0x2e957]  (no source info available)
C  [ntdll.dll+0xaad6c]  (no source info available)

VM_Operation (0x00000054901fb2e0): G1CollectForAllocation, mode: safepoint, requested by thread 0x000001bc91c1b230


---------------  P R O C E S S  ---------------

Threads class SMR info:
_java_thread_list=0x000001bcf9a733a0, length=12, elements={
0x000001bc91c1b230, 0x000001bcb064c530, 0x000001bcb064d1b0, 0x000001bcb0665df0,
0x000001bcb06662d0, 0x000001bcb06667b0, 0x000001bcb066d450, 0x000001bcb066f410,
0x000001bcb0677aa0, 0x000001bcb06a1650, 0x000001bcb07cb160, 0x000001bcb07d05e0
}

Java Threads: ( => current thread )
  0x000001bc91c1b230 JavaThread "main" [_thread_blocked, id=20740, stack(0x0000005490100000,0x0000005490200000)]
  0x000001bcb064c530 JavaThread "Reference Handler" daemon [_thread_blocked, id=24612, stack(0x0000005490800000,0x0000005490900000)]
  0x000001bcb064d1b0 JavaThread "Finalizer" daemon [_thread_blocked, id=6460, stack(0x0000005490900000,0x0000005490a00000)]
  0x000001bcb0665df0 JavaThread "Signal Dispatcher" daemon [_thread_blocked, id=8820, stack(0x0000005490a00000,0x0000005490b00000)]
  0x000001bcb06662d0 JavaThread "Attach Listener" daemon [_thread_blocked, id=18176, stack(0x0000005490b00000,0x0000005490c00000)]
  0x000001bcb06667b0 JavaThread "Service Thread" daemon [_thread_blocked, id=12908, stack(0x0000005490c00000,0x0000005490d00000)]
  0x000001bcb066d450 JavaThread "Monitor Deflation Thread" daemon [_thread_blocked, id=2576, stack(0x0000005490d00000,0x0000005490e00000)]
  0x000001bcb066f410 JavaThread "C2 CompilerThread0" daemon [_thread_blocked, id=5516, stack(0x0000005490e00000,0x0000005490f00000)]
  0x000001bcb0677aa0 JavaThread "C1 CompilerThread0" daemon [_thread_blocked, id=27912, stack(0x0000005490f00000,0x0000005491000000)]
  0x000001bcb06a1650 JavaThread "Sweeper thread" daemon [_thread_blocked, id=10912, stack(0x0000005491000000,0x0000005491100000)]
  0x000001bcb07cb160 JavaThread "Notification Thread" daemon [_thread_blocked, id=616, stack(0x0000005491300000,0x0000005491400000)]
  0x000001bcb07d05e0 JavaThread "Common-Cleaner" daemon [_thread_blocked, id=21272, stack(0x0000005491500000,0x0000005491600000)]

Other Threads:
=>0x000001bcb0647a30 VMThread "VM Thread" [stack: 0x0000005490700000,0x0000005490800000] [id=15664]
  0x000001bcb07cb640 WatcherThread [stack: 0x0000005491400000,0x0000005491500000] [id=20988]
  0x000001bc91c76400 GCTaskThread "GC Thread#0" [stack: 0x0000005490200000,0x0000005490300000] [id=17252]
  0x000001bcf6104fc0 GCTaskThread "GC Thread#1" [stack: 0x0000005491600000,0x0000005491700000] [id=12880]
  0x000001bcf62830f0 GCTaskThread "GC Thread#2" [stack: 0x0000005491700000,0x0000005491800000] [id=3944]
  0x000001bcf6229360 GCTaskThread "GC Thread#3" [stack: 0x0000005491800000,0x0000005491900000] [id=3736]
  0x000001bcf622a170 GCTaskThread "GC Thread#4" [stack: 0x0000005491900000,0x0000005491a00000] [id=23348]
  0x000001bcf6229090 GCTaskThread "GC Thread#5" [stack: 0x0000005491a00000,0x0000005491b00000] [id=14996]
  0x000001bcf6228af0 GCTaskThread "GC Thread#6" [stack: 0x0000005491b00000,0x0000005491c00000] [id=29304]
  0x000001bcf6229630 GCTaskThread "GC Thread#7" [stack: 0x0000005491c00000,0x0000005491d00000] [id=14872]
  0x000001bcf6229ea0 GCTaskThread "GC Thread#8" [stack: 0x0000005491d00000,0x0000005491e00000] [id=5388]
  0x000001bcb09dfa30 GCTaskThread "GC Thread#9" [stack: 0x0000005491e00000,0x0000005491f00000] [id=10032]
  0x000001bcb09e0de0 GCTaskThread "GC Thread#10" [stack: 0x0000005491f00000,0x0000005492000000] [id=23032]
  0x000001bcb09e2190 GCTaskThread "GC Thread#11" [stack: 0x0000005491200000,0x0000005491300000] [id=19404]
  0x000001bcb09e2460 GCTaskThread "GC Thread#12" [stack: 0x0000005492200000,0x0000005492300000] [id=29172]
  0x000001bc91c85ff0 ConcurrentGCThread "G1 Main Marker" [stack: 0x0000005490300000,0x0000005490400000] [id=11124]
  0x000001bc91c8a3b0 ConcurrentGCThread "G1 Conc#0" [stack: 0x0000005490400000,0x0000005490500000] [id=30224]
  0x000001bcb09e0840 ConcurrentGCThread "G1 Conc#1" [stack: 0x0000005492000000,0x0000005492100000] [id=25108]
  0x000001bcb09e10b0 ConcurrentGCThread "G1 Conc#2" [stack: 0x0000005492100000,0x0000005492200000] [id=26748]
  0x000001bc91ccec50 ConcurrentGCThread "G1 Refine#0" [stack: 0x0000005490500000,0x0000005490600000] [id=24844]
  0x000001bcf7923050 ConcurrentGCThread "G1 Refine#1" [stack: 0x0000005492300000,0x0000005492400000] [id=21592]
  0x000001bcf7923350 ConcurrentGCThread "G1 Refine#2" [stack: 0x0000005492400000,0x0000005492500000] [id=19708]
  0x000001bcb0503510 ConcurrentGCThread "G1 Service" [stack: 0x0000005490600000,0x0000005490700000] [id=23956]

Threads with active compile tasks:
C2 CompilerThread0  165227 14883       4       org.jetbrains.kotlin.resolve.calls.inference.components.TypeVariableDependencyInformationProvider::computeConstraintEdges (142 bytes)

VM state: at safepoint (normal execution)

VM Mutex/Monitor currently owned by a thread:  ([mutex/lock_event])
[0x000001bc8f84e260] Threads_lock - owner thread: 0x000001bcb0647a30
[0x000001bc91c194c0] Heap_lock - owner thread: 0x000001bc91c1b230

Heap address: 0x0000000089400000, size: 1900 MB, Compressed Oops mode: 32-bit

CDS archive(s) mapped at: [0x000001bcb1000000-0x000001bcb1bb0000-0x000001bcb1bb0000), size 12255232, SharedBaseAddress: 0x000001bcb1000000, ArchiveRelocationMode: 1.
Compressed class space mapped at: 0x000001bcb2000000-0x000001bcf2000000, reserved size: 1073741824
Narrow klass base: 0x000001bcb1000000, Narrow klass shift: 0, Narrow klass range: 0x100000000

GC Precious Log:
 CPUs: 16 total, 16 available
 Memory: 7597M
 Large Page Support: Disabled
 NUMA Support: Disabled
 Compressed Oops: Enabled (32-bit)
 Heap Region Size: 1M
 Heap Min Capacity: 8M
 Heap Initial Capacity: 120M
 Heap Max Capacity: 1900M
 Pre-touch: Disabled
 Parallel Workers: 13
 Concurrent Workers: 3
 Concurrent Refinement Workers: 13
 Periodic GC: Disabled

Heap:
 garbage-first heap   total 310272K, used 93206K [0x0000000089400000, 0x0000000100000000)
  region size 1024K, 3 young (3072K), 3 survivors (3072K)
 Metaspace       used 57955K, committed 58240K, reserved 1114112K
  class space    used 6420K, committed 6592K, reserved 1048576K

Heap Regions: E=young(eden), S=young(survivor), O=old, HS=humongous(starts), HC=humongous(continues), CS=collection set, F=free, OA=open archive, CA=closed archive, TAMS=top-at-mark-start (previous, next)
|   0|0x0000000089400000, 0x0000000089500000, 0x0000000089500000|100%|HS|  |TAMS 0x0000000089500000, 0x0000000089500000| Complete 
|   1|0x0000000089500000, 0x0000000089600000, 0x0000000089600000|100%|HC|  |TAMS 0x0000000089600000, 0x0000000089600000| Complete 
|   2|0x0000000089600000, 0x0000000089700000, 0x0000000089700000|100%|HC|  |TAMS 0x0000000089700000, 0x0000000089700000| Complete 
|   3|0x0000000089700000, 0x0000000089800000, 0x0000000089800000|100%|HC|  |TAMS 0x0000000089800000, 0x0000000089800000| Complete 
|   4|0x0000000089800000, 0x0000000089900000, 0x0000000089900000|100%| O|  |TAMS 0x0000000089900000, 0x0000000089900000| Untracked 
|   5|0x0000000089900000, 0x0000000089a00000, 0x0000000089a00000|100%| O|  |TAMS 0x0000000089a00000, 0x0000000089a00000| Untracked 
|   6|0x0000000089a00000, 0x0000000089b00000, 0x0000000089b00000|100%| O|  |TAMS 0x0000000089b00000, 0x0000000089b00000| Untracked 
|   7|0x0000000089b00000, 0x0000000089c00000, 0x0000000089c00000|100%| O|  |TAMS 0x0000000089c00000, 0x0000000089c00000| Untracked 
|   8|0x0000000089c00000, 0x0000000089d00000, 0x0000000089d00000|100%| O|  |TAMS 0x0000000089d00000, 0x0000000089d00000| Untracked 
|   9|0x0000000089d00000, 0x0000000089e00000, 0x0000000089e00000|100%| O|  |TAMS 0x0000000089e00000, 0x0000000089e00000| Untracked 
|  10|0x0000000089e00000, 0x0000000089f00000, 0x0000000089f00000|100%| O|  |TAMS 0x0000000089f00000, 0x0000000089f00000| Untracked 
|  11|0x0000000089f00000, 0x000000008a000000, 0x000000008a000000|100%| O|  |TAMS 0x000000008a000000, 0x000000008a000000| Untracked 
|  12|0x000000008a000000, 0x000000008a100000, 0x000000008a100000|100%| O|  |TAMS 0x000000008a100000, 0x000000008a100000| Untracked 
|  13|0x000000008a100000, 0x000000008a200000, 0x000000008a200000|100%|HS|  |TAMS 0x000000008a200000, 0x000000008a200000| Complete 
|  14|0x000000008a200000, 0x000000008a300000, 0x000000008a300000|100%|HC|  |TAMS 0x000000008a300000, 0x000000008a300000| Complete 
|  15|0x000000008a300000, 0x000000008a400000, 0x000000008a400000|100%| O|  |TAMS 0x000000008a400000, 0x000000008a400000| Untracked 
|  16|0x000000008a400000, 0x000000008a500000, 0x000000008a500000|100%| O|  |TAMS 0x000000008a500000, 0x000000008a500000| Untracked 
|  17|0x000000008a500000, 0x000000008a600000, 0x000000008a600000|100%| O|  |TAMS 0x000000008a600000, 0x000000008a600000| Untracked 
|  18|0x000000008a600000, 0x000000008a700000, 0x000000008a700000|100%| O|  |TAMS 0x000000008a700000, 0x000000008a700000| Untracked 
|  19|0x000000008a700000, 0x000000008a800000, 0x000000008a800000|100%| O|  |TAMS 0x000000008a800000, 0x000000008a800000| Untracked 
|  20|0x000000008a800000, 0x000000008a900000, 0x000000008a900000|100%| O|  |TAMS 0x000000008a900000, 0x000000008a900000| Untracked 
|  21|0x000000008a900000, 0x000000008aa00000, 0x000000008aa00000|100%| O|  |TAMS 0x000000008a900000, 0x000000008a900000| Untracked 
|  22|0x000000008aa00000, 0x000000008ab00000, 0x000000008ab00000|100%| O|  |TAMS 0x000000008ab00000, 0x000000008ab00000| Untracked 
|  23|0x000000008ab00000, 0x000000008ac00000, 0x000000008ac00000|100%| O|  |TAMS 0x000000008ac00000, 0x000000008ac00000| Untracked 
|  24|0x000000008ac00000, 0x000000008ad00000, 0x000000008ad00000|100%| O|  |TAMS 0x000000008ad00000, 0x000000008ad00000| Untracked 
|  25|0x000000008ad00000, 0x000000008ae00000, 0x000000008ae00000|100%| O|  |TAMS 0x000000008ae00000, 0x000000008ae00000| Untracked 
|  26|0x000000008ae00000, 0x000000008af00000, 0x000000008af00000|100%| O|  |TAMS 0x000000008af00000, 0x000000008af00000| Untracked 
|  27|0x000000008af00000, 0x000000008b000000, 0x000000008b000000|100%| O|  |TAMS 0x000000008b000000, 0x000000008b000000| Untracked 
|  28|0x000000008b000000, 0x000000008b100000, 0x000000008b100000|100%| O|  |TAMS 0x000000008b100000, 0x000000008b100000| Untracked 
|  29|0x000000008b100000, 0x000000008b200000, 0x000000008b200000|100%| O|  |TAMS 0x000000008b200000, 0x000000008b200000| Untracked 
|  30|0x000000008b200000, 0x000000008b300000, 0x000000008b300000|100%| O|  |TAMS 0x000000008b2e8a00, 0x000000008b300000| Untracked 
|  31|0x000000008b300000, 0x000000008b400000, 0x000000008b400000|100%| O|  |TAMS 0x000000008b300000, 0x000000008b400000| Untracked 
|  32|0x000000008b400000, 0x000000008b500000, 0x000000008b500000|100%| O|  |TAMS 0x000000008b400000, 0x000000008b500000| Untracked 
|  33|0x000000008b500000, 0x000000008b600000, 0x000000008b600000|100%| O|  |TAMS 0x000000008b500000, 0x000000008b600000| Untracked 
|  34|0x000000008b600000, 0x000000008b700000, 0x000000008b700000|100%| O|  |TAMS 0x000000008b600000, 0x000000008b700000| Untracked 
|  35|0x000000008b700000, 0x000000008b800000, 0x000000008b800000|100%| O|  |TAMS 0x000000008b700000, 0x000000008b720200| Untracked 
|  36|0x000000008b800000, 0x000000008b900000, 0x000000008b900000|100%| O|  |TAMS 0x000000008b800000, 0x000000008b800000| Untracked 
|  37|0x000000008b900000, 0x000000008ba00000, 0x000000008ba00000|100%|HS|  |TAMS 0x000000008b900000, 0x000000008b900000| Complete 
|  38|0x000000008ba00000, 0x000000008bb00000, 0x000000008bb00000|100%|HC|  |TAMS 0x000000008ba00000, 0x000000008ba00000| Complete 
|  39|0x000000008bb00000, 0x000000008bc00000, 0x000000008bc00000|100%| O|  |TAMS 0x000000008bb00000, 0x000000008bb00000| Untracked 
|  40|0x000000008bc00000, 0x000000008bd00000, 0x000000008bd00000|100%| O|  |TAMS 0x000000008bc00000, 0x000000008bc00000| Untracked 
|  41|0x000000008bd00000, 0x000000008be00000, 0x000000008be00000|100%| O|  |TAMS 0x000000008bd00000, 0x000000008bd00000| Untracked 
|  42|0x000000008be00000, 0x000000008bf00000, 0x000000008bf00000|100%| O|  |TAMS 0x000000008be00000, 0x000000008be00000| Untracked 
|  43|0x000000008bf00000, 0x000000008c000000, 0x000000008c000000|100%| O|  |TAMS 0x000000008bf00000, 0x000000008bf00000| Untracked 
|  44|0x000000008c000000, 0x000000008c100000, 0x000000008c100000|100%| O|  |TAMS 0x000000008c000000, 0x000000008c000000| Untracked 
|  45|0x000000008c100000, 0x000000008c200000, 0x000000008c200000|100%| O|  |TAMS 0x000000008c100000, 0x000000008c100000| Untracked 
|  46|0x000000008c200000, 0x000000008c300000, 0x000000008c300000|100%| O|  |TAMS 0x000000008c200000, 0x000000008c200000| Untracked 
|  47|0x000000008c300000, 0x000000008c400000, 0x000000008c400000|100%| O|  |TAMS 0x000000008c300000, 0x000000008c300000| Untracked 
|  48|0x000000008c400000, 0x000000008c500000, 0x000000008c500000|100%| O|  |TAMS 0x000000008c400000, 0x000000008c400000| Untracked 
|  49|0x000000008c500000, 0x000000008c600000, 0x000000008c600000|100%| O|  |TAMS 0x000000008c500000, 0x000000008c500000| Untracked 
|  50|0x000000008c600000, 0x000000008c700000, 0x000000008c700000|100%| O|  |TAMS 0x000000008c600000, 0x000000008c600000| Untracked 
|  51|0x000000008c700000, 0x000000008c800000, 0x000000008c800000|100%| O|  |TAMS 0x000000008c700000, 0x000000008c700000| Untracked 
|  52|0x000000008c800000, 0x000000008c900000, 0x000000008c900000|100%| O|  |TAMS 0x000000008c800000, 0x000000008c800000| Untracked 
|  53|0x000000008c900000, 0x000000008ca00000, 0x000000008ca00000|100%| O|  |TAMS 0x000000008c900000, 0x000000008c900000| Untracked 
|  54|0x000000008ca00000, 0x000000008cb00000, 0x000000008cb00000|100%| O|  |TAMS 0x000000008ca00000, 0x000000008ca00000| Untracked 
|  55|0x000000008cb00000, 0x000000008cc00000, 0x000000008cc00000|100%| O|  |TAMS 0x000000008cb00000, 0x000000008cb00000| Untracked 
|  56|0x000000008cc00000, 0x000000008cd00000, 0x000000008cd00000|100%| O|  |TAMS 0x000000008cc00000, 0x000000008cc00000| Untracked 
|  57|0x000000008cd00000, 0x000000008ce00000, 0x000000008ce00000|100%| O|  |TAMS 0x000000008cd00000, 0x000000008cd00000| Untracked 
|  58|0x000000008ce00000, 0x000000008cf00000, 0x000000008cf00000|100%| O|  |TAMS 0x000000008ce00000, 0x000000008ce00000| Untracked 
|  59|0x000000008cf00000, 0x000000008d000000, 0x000000008d000000|100%| O|  |TAMS 0x000000008cf00000, 0x000000008cf00000| Untracked 
|  60|0x000000008d000000, 0x000000008d100000, 0x000000008d100000|100%| O|  |TAMS 0x000000008d000000, 0x000000008d000000| Untracked 
|  61|0x000000008d100000, 0x000000008d200000, 0x000000008d200000|100%| O|  |TAMS 0x000000008d100000, 0x000000008d100000| Untracked 
|  62|0x000000008d200000, 0x000000008d300000, 0x000000008d300000|100%| O|  |TAMS 0x000000008d200000, 0x000000008d200000| Untracked 
|  63|0x000000008d300000, 0x000000008d400000, 0x000000008d400000|100%| O|  |TAMS 0x000000008d300000, 0x000000008d300000| Untracked 
|  64|0x000000008d400000, 0x000000008d500000, 0x000000008d500000|100%| O|  |TAMS 0x000000008d400000, 0x000000008d400000| Untracked 
|  65|0x000000008d500000, 0x000000008d600000, 0x000000008d600000|100%| O|  |TAMS 0x000000008d500000, 0x000000008d500000| Untracked 
|  66|0x000000008d600000, 0x000000008d700000, 0x000000008d700000|100%| O|  |TAMS 0x000000008d600000, 0x000000008d600000| Untracked 
|  67|0x000000008d700000, 0x000000008d800000, 0x000000008d800000|100%| O|  |TAMS 0x000000008d700000, 0x000000008d700000| Untracked 
|  68|0x000000008d800000, 0x000000008d900000, 0x000000008d900000|100%| O|  |TAMS 0x000000008d800000, 0x000000008d800000| Untracked 
|  69|0x000000008d900000, 0x000000008da00000, 0x000000008da00000|100%| O|  |TAMS 0x000000008d900000, 0x000000008d900000| Untracked 
|  70|0x000000008da00000, 0x000000008db00000, 0x000000008db00000|100%| O|  |TAMS 0x000000008da00000, 0x000000008da00000| Untracked 
|  71|0x000000008db00000, 0x000000008dc00000, 0x000000008dc00000|100%| O|  |TAMS 0x000000008db00000, 0x000000008db00000| Untracked 
|  72|0x000000008dc00000, 0x000000008dd00000, 0x000000008dd00000|100%| O|  |TAMS 0x000000008dc00000, 0x000000008dc00000| Untracked 
|  73|0x000000008dd00000, 0x000000008de00000, 0x000000008de00000|100%| O|  |TAMS 0x000000008dd00000, 0x000000008dd00000| Untracked 
|  74|0x000000008de00000, 0x000000008df00000, 0x000000008df00000|100%| O|  |TAMS 0x000000008de00000, 0x000000008de00000| Untracked 
|  75|0x000000008df00000, 0x000000008e000000, 0x000000008e000000|100%| O|  |TAMS 0x000000008df00000, 0x000000008df00000| Untracked 
|  76|0x000000008e000000, 0x000000008e100000, 0x000000008e100000|100%| O|  |TAMS 0x000000008e000000, 0x000000008e000000| Untracked 
|  77|0x000000008e100000, 0x000000008e200000, 0x000000008e200000|100%| O|  |TAMS 0x000000008e100000, 0x000000008e100000| Untracked 
|  78|0x000000008e200000, 0x000000008e300000, 0x000000008e300000|100%| O|  |TAMS 0x000000008e200000, 0x000000008e200000| Untracked 
|  79|0x000000008e300000, 0x000000008e341400, 0x000000008e400000| 25%| O|  |TAMS 0x000000008e300000, 0x000000008e300000| Untracked 
|  80|0x000000008e400000, 0x000000008e400000, 0x000000008e500000|  0%| F|  |TAMS 0x000000008e400000, 0x000000008e400000| Untracked 
|  81|0x000000008e500000, 0x000000008e500000, 0x000000008e600000|  0%| F|  |TAMS 0x000000008e500000, 0x000000008e500000| Untracked 
|  82|0x000000008e600000, 0x000000008e600000, 0x000000008e700000|  0%| F|  |TAMS 0x000000008e600000, 0x000000008e600000| Untracked 
|  83|0x000000008e700000, 0x000000008e700000, 0x000000008e800000|  0%| F|  |TAMS 0x000000008e700000, 0x000000008e700000| Untracked 
|  84|0x000000008e800000, 0x000000008e800000, 0x000000008e900000|  0%| F|  |TAMS 0x000000008e800000, 0x000000008e800000| Untracked 
|  85|0x000000008e900000, 0x000000008e900000, 0x000000008ea00000|  0%| F|  |TAMS 0x000000008e900000, 0x000000008e900000| Untracked 
|  86|0x000000008ea00000, 0x000000008ea00000, 0x000000008eb00000|  0%| F|  |TAMS 0x000000008ea00000, 0x000000008ea00000| Untracked 
|  87|0x000000008eb00000, 0x000000008eb00000, 0x000000008ec00000|  0%| F|  |TAMS 0x000000008eb00000, 0x000000008eb00000| Untracked 
|  88|0x000000008ec00000, 0x000000008ec00000, 0x000000008ed00000|  0%| F|  |TAMS 0x000000008ec00000, 0x000000008ec00000| Untracked 
|  89|0x000000008ed00000, 0x000000008ed00000, 0x000000008ee00000|  0%| F|  |TAMS 0x000000008ed00000, 0x000000008ed00000| Untracked 
|  90|0x000000008ee00000, 0x000000008ee00000, 0x000000008ef00000|  0%| F|  |TAMS 0x000000008ee00000, 0x000000008ee00000| Untracked 
|  91|0x000000008ef00000, 0x000000008ef00000, 0x000000008f000000|  0%| F|  |TAMS 0x000000008ef00000, 0x000000008ef00000| Untracked 
|  92|0x000000008f000000, 0x000000008f000000, 0x000000008f100000|  0%| F|  |TAMS 0x000000008f000000, 0x000000008f000000| Untracked 
|  93|0x000000008f100000, 0x000000008f100000, 0x000000008f200000|  0%| F|  |TAMS 0x000000008f100000, 0x000000008f100000| Untracked 
|  94|0x000000008f200000, 0x000000008f200000, 0x000000008f300000|  0%| F|  |TAMS 0x000000008f200000, 0x000000008f200000| Untracked 
|  95|0x000000008f300000, 0x000000008f300000, 0x000000008f400000|  0%| F|  |TAMS 0x000000008f300000, 0x000000008f300000| Untracked 
|  96|0x000000008f400000, 0x000000008f400000, 0x000000008f500000|  0%| F|  |TAMS 0x000000008f400000, 0x000000008f400000| Untracked 
|  97|0x000000008f500000, 0x000000008f500000, 0x000000008f600000|  0%| F|  |TAMS 0x000000008f500000, 0x000000008f500000| Untracked 
|  98|0x000000008f600000, 0x000000008f600000, 0x000000008f700000|  0%| F|  |TAMS 0x000000008f600000, 0x000000008f600000| Untracked 
|  99|0x000000008f700000, 0x000000008f700000, 0x000000008f800000|  0%| F|  |TAMS 0x000000008f700000, 0x000000008f700000| Untracked 
| 100|0x000000008f800000, 0x000000008f800000, 0x000000008f900000|  0%| F|  |TAMS 0x000000008f800000, 0x000000008f800000| Untracked 
| 101|0x000000008f900000, 0x000000008f900000, 0x000000008fa00000|  0%| F|  |TAMS 0x000000008f900000, 0x000000008f900000| Untracked 
| 102|0x000000008fa00000, 0x000000008fa00000, 0x000000008fb00000|  0%| F|  |TAMS 0x000000008fa00000, 0x000000008fa00000| Untracked 
| 103|0x000000008fb00000, 0x000000008fb00000, 0x000000008fc00000|  0%| F|  |TAMS 0x000000008fb00000, 0x000000008fb00000| Untracked 
| 104|0x000000008fc00000, 0x000000008fc00000, 0x000000008fd00000|  0%| F|  |TAMS 0x000000008fc00000, 0x000000008fc00000| Untracked 
| 105|0x000000008fd00000, 0x000000008fd00000, 0x000000008fe00000|  0%| F|  |TAMS 0x000000008fd00000, 0x000000008fd00000| Untracked 
| 106|0x000000008fe00000, 0x000000008fe00000, 0x000000008ff00000|  0%| F|  |TAMS 0x000000008fe00000, 0x000000008fe00000| Untracked 
| 107|0x000000008ff00000, 0x000000008ff00000, 0x0000000090000000|  0%| F|  |TAMS 0x000000008ff00000, 0x000000008ff00000| Untracked 
| 108|0x0000000090000000, 0x0000000090000000, 0x0000000090100000|  0%| F|  |TAMS 0x0000000090000000, 0x0000000090000000| Untracked 
| 109|0x0000000090100000, 0x0000000090100000, 0x0000000090200000|  0%| F|  |TAMS 0x0000000090100000, 0x0000000090100000| Untracked 
| 110|0x0000000090200000, 0x0000000090200000, 0x0000000090300000|  0%| F|  |TAMS 0x0000000090200000, 0x0000000090200000| Untracked 
| 111|0x0000000090300000, 0x0000000090300000, 0x0000000090400000|  0%| F|  |TAMS 0x0000000090300000, 0x0000000090300000| Untracked 
| 112|0x0000000090400000, 0x0000000090400000, 0x0000000090500000|  0%| F|  |TAMS 0x0000000090400000, 0x0000000090400000| Untracked 
| 113|0x0000000090500000, 0x0000000090500000, 0x0000000090600000|  0%| F|  |TAMS 0x0000000090500000, 0x0000000090500000| Untracked 
| 114|0x0000000090600000, 0x00000000906c4798, 0x0000000090700000| 76%| S|CS|TAMS 0x0000000090600000, 0x0000000090600000| Complete 
| 115|0x0000000090700000, 0x0000000090700000, 0x0000000090800000|  0%| F|  |TAMS 0x0000000090700000, 0x0000000090700000| Untracked 
| 116|0x0000000090800000, 0x0000000090800000, 0x0000000090900000|  0%| F|  |TAMS 0x0000000090800000, 0x0000000090800000| Untracked 
| 117|0x0000000090900000, 0x0000000090a00000, 0x0000000090a00000|100%| S|CS|TAMS 0x0000000090900000, 0x0000000090900000| Complete 
| 118|0x0000000090a00000, 0x0000000090b00000, 0x0000000090b00000|100%| S|CS|TAMS 0x0000000090a00000, 0x0000000090a00000| Complete 
| 119|0x0000000090b00000, 0x0000000090b00000, 0x0000000090c00000|  0%| F|  |TAMS 0x0000000090b00000, 0x0000000090b00000| Untracked 
| 120|0x0000000090c00000, 0x0000000090c00000, 0x0000000090d00000|  0%| F|  |TAMS 0x0000000090c00000, 0x0000000090c00000| Untracked 
| 121|0x0000000090d00000, 0x0000000090d00000, 0x0000000090e00000|  0%| F|  |TAMS 0x0000000090d00000, 0x0000000090d00000| Untracked 
| 122|0x0000000090e00000, 0x0000000090e00000, 0x0000000090f00000|  0%| F|  |TAMS 0x0000000090e00000, 0x0000000090e00000| Untracked 
| 123|0x0000000090f00000, 0x0000000090f00000, 0x0000000091000000|  0%| F|  |TAMS 0x0000000090f00000, 0x0000000090f00000| Untracked 
| 124|0x0000000091000000, 0x0000000091000000, 0x0000000091100000|  0%| F|  |TAMS 0x0000000091000000, 0x0000000091000000| Untracked 
| 125|0x0000000091100000, 0x0000000091100000, 0x0000000091200000|  0%| F|  |TAMS 0x0000000091100000, 0x0000000091100000| Untracked 
| 126|0x0000000091200000, 0x0000000091200000, 0x0000000091300000|  0%| F|  |TAMS 0x0000000091200000, 0x0000000091200000| Untracked 
| 127|0x0000000091300000, 0x0000000091300000, 0x0000000091400000|  0%| F|  |TAMS 0x0000000091300000, 0x0000000091300000| Untracked 
| 128|0x0000000091400000, 0x0000000091400000, 0x0000000091500000|  0%| F|  |TAMS 0x0000000091400000, 0x0000000091400000| Untracked 
| 129|0x0000000091500000, 0x0000000091500000, 0x0000000091600000|  0%| F|  |TAMS 0x0000000091500000, 0x0000000091500000| Untracked 
| 130|0x0000000091600000, 0x0000000091600000, 0x0000000091700000|  0%| F|  |TAMS 0x0000000091600000, 0x0000000091600000| Untracked 
| 131|0x0000000091700000, 0x0000000091700000, 0x0000000091800000|  0%| F|  |TAMS 0x0000000091700000, 0x0000000091700000| Untracked 
| 132|0x0000000091800000, 0x0000000091800000, 0x0000000091900000|  0%| F|  |TAMS 0x0000000091800000, 0x0000000091800000| Untracked 
| 133|0x0000000091900000, 0x0000000091900000, 0x0000000091a00000|  0%| F|  |TAMS 0x0000000091900000, 0x0000000091900000| Untracked 
| 134|0x0000000091a00000, 0x0000000091a00000, 0x0000000091b00000|  0%| F|  |TAMS 0x0000000091a00000, 0x0000000091a00000| Untracked 
| 135|0x0000000091b00000, 0x0000000091b00000, 0x0000000091c00000|  0%| F|  |TAMS 0x0000000091b00000, 0x0000000091b00000| Untracked 
| 136|0x0000000091c00000, 0x0000000091c00000, 0x0000000091d00000|  0%| F|  |TAMS 0x0000000091c00000, 0x0000000091c00000| Untracked 
| 137|0x0000000091d00000, 0x0000000091d00000, 0x0000000091e00000|  0%| F|  |TAMS 0x0000000091d00000, 0x0000000091d00000| Untracked 
| 138|0x0000000091e00000, 0x0000000091e00000, 0x0000000091f00000|  0%| F|  |TAMS 0x0000000091e00000, 0x0000000091e00000| Untracked 
| 139|0x0000000091f00000, 0x0000000091f00000, 0x0000000092000000|  0%| F|  |TAMS 0x0000000091f00000, 0x0000000091f00000| Untracked 
| 140|0x0000000092000000, 0x0000000092000000, 0x0000000092100000|  0%| F|  |TAMS 0x0000000092000000, 0x0000000092000000| Untracked 
| 141|0x0000000092100000, 0x0000000092100000, 0x0000000092200000|  0%| F|  |TAMS 0x0000000092100000, 0x0000000092100000| Untracked 
| 142|0x0000000092200000, 0x0000000092200000, 0x0000000092300000|  0%| F|  |TAMS 0x0000000092200000, 0x0000000092200000| Untracked 
| 143|0x0000000092300000, 0x0000000092300000, 0x0000000092400000|  0%| F|  |TAMS 0x0000000092300000, 0x0000000092300000| Untracked 
| 144|0x0000000092400000, 0x0000000092400000, 0x0000000092500000|  0%| F|  |TAMS 0x0000000092400000, 0x0000000092400000| Untracked 
| 145|0x0000000092500000, 0x0000000092500000, 0x0000000092600000|  0%| F|  |TAMS 0x0000000092500000, 0x0000000092500000| Untracked 
| 146|0x0000000092600000, 0x0000000092600000, 0x0000000092700000|  0%| F|  |TAMS 0x0000000092600000, 0x0000000092600000| Untracked 
| 147|0x0000000092700000, 0x0000000092700000, 0x0000000092800000|  0%| F|  |TAMS 0x0000000092700000, 0x0000000092700000| Untracked 
| 148|0x0000000092800000, 0x0000000092800000, 0x0000000092900000|  0%| F|  |TAMS 0x0000000092800000, 0x0000000092800000| Untracked 
| 149|0x0000000092900000, 0x0000000092900000, 0x0000000092a00000|  0%| F|  |TAMS 0x0000000092900000, 0x0000000092900000| Untracked 
| 150|0x0000000092a00000, 0x0000000092a00000, 0x0000000092b00000|  0%| F|  |TAMS 0x0000000092a00000, 0x0000000092a00000| Untracked 
| 151|0x0000000092b00000, 0x0000000092b00000, 0x0000000092c00000|  0%| F|  |TAMS 0x0000000092b00000, 0x0000000092b00000| Untracked 
| 152|0x0000000092c00000, 0x0000000092c00000, 0x0000000092d00000|  0%| F|  |TAMS 0x0000000092c00000, 0x0000000092c00000| Untracked 
| 153|0x0000000092d00000, 0x0000000092d00000, 0x0000000092e00000|  0%| F|  |TAMS 0x0000000092d00000, 0x0000000092d00000| Untracked 
| 154|0x0000000092e00000, 0x0000000092e00000, 0x0000000092f00000|  0%| F|  |TAMS 0x0000000092e00000, 0x0000000092e00000| Untracked 
| 155|0x0000000092f00000, 0x0000000092f00000, 0x0000000093000000|  0%| F|  |TAMS 0x0000000092f00000, 0x0000000092f00000| Untracked 
| 156|0x0000000093000000, 0x0000000093000000, 0x0000000093100000|  0%| F|  |TAMS 0x0000000093000000, 0x0000000093000000| Untracked 
| 157|0x0000000093100000, 0x0000000093100000, 0x0000000093200000|  0%| F|  |TAMS 0x0000000093100000, 0x0000000093100000| Untracked 
| 158|0x0000000093200000, 0x0000000093200000, 0x0000000093300000|  0%| F|  |TAMS 0x0000000093200000, 0x0000000093200000| Untracked 
| 159|0x0000000093300000, 0x0000000093300000, 0x0000000093400000|  0%| F|  |TAMS 0x0000000093300000, 0x0000000093300000| Untracked 
| 160|0x0000000093400000, 0x0000000093400000, 0x0000000093500000|  0%| F|  |TAMS 0x0000000093400000, 0x0000000093400000| Untracked 
| 161|0x0000000093500000, 0x0000000093500000, 0x0000000093600000|  0%| F|  |TAMS 0x0000000093500000, 0x0000000093500000| Untracked 
| 162|0x0000000093600000, 0x0000000093600000, 0x0000000093700000|  0%| F|  |TAMS 0x0000000093600000, 0x0000000093600000| Untracked 
| 163|0x0000000093700000, 0x0000000093700000, 0x0000000093800000|  0%| F|  |TAMS 0x0000000093700000, 0x0000000093700000| Untracked 
| 164|0x0000000093800000, 0x0000000093800000, 0x0000000093900000|  0%| F|  |TAMS 0x0000000093800000, 0x0000000093800000| Untracked 
| 165|0x0000000093900000, 0x0000000093900000, 0x0000000093a00000|  0%| F|  |TAMS 0x0000000093900000, 0x0000000093900000| Untracked 
| 166|0x0000000093a00000, 0x0000000093a00000, 0x0000000093b00000|  0%| F|  |TAMS 0x0000000093a00000, 0x0000000093a00000| Untracked 
| 167|0x0000000093b00000, 0x0000000093b00000, 0x0000000093c00000|  0%| F|  |TAMS 0x0000000093b00000, 0x0000000093b00000| Untracked 
| 168|0x0000000093c00000, 0x0000000093c00000, 0x0000000093d00000|  0%| F|  |TAMS 0x0000000093c00000, 0x0000000093c00000| Untracked 
| 169|0x0000000093d00000, 0x0000000093d00000, 0x0000000093e00000|  0%| F|  |TAMS 0x0000000093d00000, 0x0000000093d00000| Untracked 
| 170|0x0000000093e00000, 0x0000000093e00000, 0x0000000093f00000|  0%| F|  |TAMS 0x0000000093e00000, 0x0000000093e00000| Untracked 
| 171|0x0000000093f00000, 0x0000000093f00000, 0x0000000094000000|  0%| F|  |TAMS 0x0000000093f00000, 0x0000000093f00000| Untracked 
| 172|0x0000000094000000, 0x0000000094000000, 0x0000000094100000|  0%| F|  |TAMS 0x0000000094000000, 0x0000000094000000| Untracked 
| 173|0x0000000094100000, 0x0000000094100000, 0x0000000094200000|  0%| F|  |TAMS 0x0000000094100000, 0x0000000094100000| Untracked 
| 174|0x0000000094200000, 0x0000000094200000, 0x0000000094300000|  0%| F|  |TAMS 0x0000000094200000, 0x0000000094200000| Untracked 
| 175|0x0000000094300000, 0x0000000094300000, 0x0000000094400000|  0%| F|  |TAMS 0x0000000094300000, 0x0000000094300000| Untracked 
| 176|0x0000000094400000, 0x0000000094400000, 0x0000000094500000|  0%| F|  |TAMS 0x0000000094400000, 0x0000000094400000| Untracked 
| 177|0x0000000094500000, 0x0000000094500000, 0x0000000094600000|  0%| F|  |TAMS 0x0000000094500000, 0x0000000094500000| Untracked 
| 178|0x0000000094600000, 0x0000000094600000, 0x0000000094700000|  0%| F|  |TAMS 0x0000000094600000, 0x0000000094600000| Untracked 
| 179|0x0000000094700000, 0x0000000094700000, 0x0000000094800000|  0%| F|  |TAMS 0x0000000094700000, 0x0000000094700000| Untracked 
| 180|0x0000000094800000, 0x0000000094800000, 0x0000000094900000|  0%| F|  |TAMS 0x0000000094800000, 0x0000000094800000| Untracked 
| 181|0x0000000094900000, 0x0000000094900000, 0x0000000094a00000|  0%| F|  |TAMS 0x0000000094900000, 0x0000000094900000| Untracked 
| 182|0x0000000094a00000, 0x0000000094a00000, 0x0000000094b00000|  0%| F|  |TAMS 0x0000000094a00000, 0x0000000094a00000| Untracked 
| 183|0x0000000094b00000, 0x0000000094b00000, 0x0000000094c00000|  0%| F|  |TAMS 0x0000000094b00000, 0x0000000094b00000| Untracked 
| 184|0x0000000094c00000, 0x0000000094c00000, 0x0000000094d00000|  0%| F|  |TAMS 0x0000000094c00000, 0x0000000094c00000| Untracked 
| 185|0x0000000094d00000, 0x0000000094d00000, 0x0000000094e00000|  0%| F|  |TAMS 0x0000000094d00000, 0x0000000094d00000| Untracked 
| 186|0x0000000094e00000, 0x0000000094e00000, 0x0000000094f00000|  0%| F|  |TAMS 0x0000000094e00000, 0x0000000094e00000| Untracked 
| 187|0x0000000094f00000, 0x0000000094f00000, 0x0000000095000000|  0%| F|  |TAMS 0x0000000094f00000, 0x0000000094f00000| Untracked 
| 188|0x0000000095000000, 0x0000000095000000, 0x0000000095100000|  0%| F|  |TAMS 0x0000000095000000, 0x0000000095000000| Untracked 
| 189|0x0000000095100000, 0x0000000095100000, 0x0000000095200000|  0%| F|  |TAMS 0x0000000095100000, 0x0000000095100000| Untracked 
| 190|0x0000000095200000, 0x0000000095200000, 0x0000000095300000|  0%| F|  |TAMS 0x0000000095200000, 0x0000000095200000| Untracked 
| 191|0x0000000095300000, 0x0000000095300000, 0x0000000095400000|  0%| F|  |TAMS 0x0000000095300000, 0x0000000095300000| Untracked 
| 192|0x0000000095400000, 0x0000000095400000, 0x0000000095500000|  0%| F|  |TAMS 0x0000000095400000, 0x0000000095400000| Untracked 
| 193|0x0000000095500000, 0x0000000095500000, 0x0000000095600000|  0%| F|  |TAMS 0x0000000095500000, 0x0000000095500000| Untracked 
| 194|0x0000000095600000, 0x0000000095600000, 0x0000000095700000|  0%| F|  |TAMS 0x0000000095600000, 0x0000000095600000| Untracked 
| 195|0x0000000095700000, 0x0000000095700000, 0x0000000095800000|  0%| F|  |TAMS 0x0000000095700000, 0x0000000095700000| Untracked 
| 196|0x0000000095800000, 0x0000000095800000, 0x0000000095900000|  0%| F|  |TAMS 0x0000000095800000, 0x0000000095800000| Untracked 
| 197|0x0000000095900000, 0x0000000095900000, 0x0000000095a00000|  0%| F|  |TAMS 0x0000000095900000, 0x0000000095900000| Untracked 
| 198|0x0000000095a00000, 0x0000000095a00000, 0x0000000095b00000|  0%| F|  |TAMS 0x0000000095a00000, 0x0000000095a00000| Untracked 
| 199|0x0000000095b00000, 0x0000000095b00000, 0x0000000095c00000|  0%| F|  |TAMS 0x0000000095b00000, 0x0000000095b00000| Untracked 
| 200|0x0000000095c00000, 0x0000000095c00000, 0x0000000095d00000|  0%| F|  |TAMS 0x0000000095c00000, 0x0000000095c00000| Untracked 
| 201|0x0000000095d00000, 0x0000000095d00000, 0x0000000095e00000|  0%| F|  |TAMS 0x0000000095d00000, 0x0000000095d00000| Untracked 
| 202|0x0000000095e00000, 0x0000000095e00000, 0x0000000095f00000|  0%| F|  |TAMS 0x0000000095e00000, 0x0000000095e00000| Untracked 
| 203|0x0000000095f00000, 0x0000000095f00000, 0x0000000096000000|  0%| F|  |TAMS 0x0000000095f00000, 0x0000000095f00000| Untracked 
| 204|0x0000000096000000, 0x0000000096000000, 0x0000000096100000|  0%| F|  |TAMS 0x0000000096000000, 0x0000000096000000| Untracked 
| 205|0x0000000096100000, 0x0000000096100000, 0x0000000096200000|  0%| F|  |TAMS 0x0000000096100000, 0x0000000096100000| Untracked 
| 206|0x0000000096200000, 0x0000000096200000, 0x0000000096300000|  0%| F|  |TAMS 0x0000000096200000, 0x0000000096200000| Untracked 
| 207|0x0000000096300000, 0x0000000096300000, 0x0000000096400000|  0%| F|  |TAMS 0x0000000096300000, 0x0000000096300000| Untracked 
| 208|0x0000000096400000, 0x0000000096400000, 0x0000000096500000|  0%| F|  |TAMS 0x0000000096400000, 0x0000000096400000| Untracked 
| 209|0x0000000096500000, 0x0000000096500000, 0x0000000096600000|  0%| F|  |TAMS 0x0000000096500000, 0x0000000096500000| Untracked 
| 210|0x0000000096600000, 0x0000000096600000, 0x0000000096700000|  0%| F|  |TAMS 0x0000000096600000, 0x0000000096600000| Untracked 
| 211|0x0000000096700000, 0x0000000096700000, 0x0000000096800000|  0%| F|  |TAMS 0x0000000096700000, 0x0000000096700000| Untracked 
| 212|0x0000000096800000, 0x0000000096800000, 0x0000000096900000|  0%| F|  |TAMS 0x0000000096800000, 0x0000000096800000| Untracked 
| 213|0x0000000096900000, 0x0000000096900000, 0x0000000096a00000|  0%| F|  |TAMS 0x0000000096900000, 0x0000000096900000| Untracked 
| 214|0x0000000096a00000, 0x0000000096a00000, 0x0000000096b00000|  0%| F|  |TAMS 0x0000000096a00000, 0x0000000096a00000| Untracked 
| 215|0x0000000096b00000, 0x0000000096b00000, 0x0000000096c00000|  0%| F|  |TAMS 0x0000000096b00000, 0x0000000096b00000| Untracked 
| 216|0x0000000096c00000, 0x0000000096c00000, 0x0000000096d00000|  0%| F|  |TAMS 0x0000000096c00000, 0x0000000096c00000| Untracked 
| 217|0x0000000096d00000, 0x0000000096d00000, 0x0000000096e00000|  0%| F|  |TAMS 0x0000000096d00000, 0x0000000096d00000| Untracked 
| 218|0x0000000096e00000, 0x0000000096e00000, 0x0000000096f00000|  0%| F|  |TAMS 0x0000000096e00000, 0x0000000096e00000| Untracked 
| 219|0x0000000096f00000, 0x0000000096f00000, 0x0000000097000000|  0%| F|  |TAMS 0x0000000096f00000, 0x0000000096f00000| Untracked 
| 220|0x0000000097000000, 0x0000000097000000, 0x0000000097100000|  0%| F|  |TAMS 0x0000000097000000, 0x0000000097000000| Untracked 
| 221|0x0000000097100000, 0x0000000097100000, 0x0000000097200000|  0%| F|  |TAMS 0x0000000097100000, 0x0000000097100000| Untracked 
| 222|0x0000000097200000, 0x0000000097200000, 0x0000000097300000|  0%| F|  |TAMS 0x0000000097200000, 0x0000000097200000| Untracked 
| 223|0x0000000097300000, 0x0000000097300000, 0x0000000097400000|  0%| F|  |TAMS 0x0000000097300000, 0x0000000097300000| Untracked 
| 224|0x0000000097400000, 0x0000000097400000, 0x0000000097500000|  0%| F|  |TAMS 0x0000000097400000, 0x0000000097400000| Untracked 
| 225|0x0000000097500000, 0x0000000097500000, 0x0000000097600000|  0%| F|  |TAMS 0x0000000097500000, 0x0000000097500000| Untracked 
| 226|0x0000000097600000, 0x0000000097600000, 0x0000000097700000|  0%| F|  |TAMS 0x0000000097600000, 0x0000000097600000| Untracked 
| 227|0x0000000097700000, 0x0000000097700000, 0x0000000097800000|  0%| F|  |TAMS 0x0000000097700000, 0x0000000097700000| Untracked 
| 228|0x0000000097800000, 0x0000000097800000, 0x0000000097900000|  0%| F|  |TAMS 0x0000000097800000, 0x0000000097800000| Untracked 
| 229|0x0000000097900000, 0x0000000097900000, 0x0000000097a00000|  0%| F|  |TAMS 0x0000000097900000, 0x0000000097900000| Untracked 
| 230|0x0000000097a00000, 0x0000000097a00000, 0x0000000097b00000|  0%| F|  |TAMS 0x0000000097a00000, 0x0000000097a00000| Untracked 
| 231|0x0000000097b00000, 0x0000000097b00000, 0x0000000097c00000|  0%| F|  |TAMS 0x0000000097b00000, 0x0000000097b00000| Untracked 
| 232|0x0000000097c00000, 0x0000000097c00000, 0x0000000097d00000|  0%| F|  |TAMS 0x0000000097c00000, 0x0000000097c00000| Untracked 
| 233|0x0000000097d00000, 0x0000000097d00000, 0x0000000097e00000|  0%| F|  |TAMS 0x0000000097d00000, 0x0000000097d00000| Untracked 
| 234|0x0000000097e00000, 0x0000000097e00000, 0x0000000097f00000|  0%| F|  |TAMS 0x0000000097e00000, 0x0000000097e00000| Untracked 
| 235|0x0000000097f00000, 0x0000000097f00000, 0x0000000098000000|  0%| F|  |TAMS 0x0000000097f00000, 0x0000000097f00000| Untracked 
| 236|0x0000000098000000, 0x0000000098000000, 0x0000000098100000|  0%| F|  |TAMS 0x0000000098000000, 0x0000000098000000| Untracked 
| 237|0x0000000098100000, 0x0000000098100000, 0x0000000098200000|  0%| F|  |TAMS 0x0000000098100000, 0x0000000098100000| Untracked 
| 238|0x0000000098200000, 0x0000000098200000, 0x0000000098300000|  0%| F|  |TAMS 0x0000000098200000, 0x0000000098200000| Untracked 
| 239|0x0000000098300000, 0x0000000098300000, 0x0000000098400000|  0%| F|  |TAMS 0x0000000098300000, 0x0000000098300000| Untracked 
| 240|0x0000000098400000, 0x0000000098400000, 0x0000000098500000|  0%| F|  |TAMS 0x0000000098400000, 0x0000000098400000| Untracked 
| 241|0x0000000098500000, 0x0000000098500000, 0x0000000098600000|  0%| F|  |TAMS 0x0000000098500000, 0x0000000098500000| Untracked 
| 242|0x0000000098600000, 0x0000000098600000, 0x0000000098700000|  0%| F|  |TAMS 0x0000000098600000, 0x0000000098600000| Untracked 
| 243|0x0000000098700000, 0x0000000098700000, 0x0000000098800000|  0%| F|  |TAMS 0x0000000098700000, 0x0000000098700000| Untracked 
| 244|0x0000000098800000, 0x0000000098800000, 0x0000000098900000|  0%| F|  |TAMS 0x0000000098800000, 0x0000000098800000| Untracked 
| 245|0x0000000098900000, 0x0000000098900000, 0x0000000098a00000|  0%| F|  |TAMS 0x0000000098900000, 0x0000000098900000| Untracked 
| 246|0x0000000098a00000, 0x0000000098a00000, 0x0000000098b00000|  0%| F|  |TAMS 0x0000000098a00000, 0x0000000098a00000| Untracked 
| 247|0x0000000098b00000, 0x0000000098b00000, 0x0000000098c00000|  0%| F|  |TAMS 0x0000000098b00000, 0x0000000098b00000| Untracked 
| 248|0x0000000098c00000, 0x0000000098c00000, 0x0000000098d00000|  0%| F|  |TAMS 0x0000000098c00000, 0x0000000098c00000| Untracked 
| 249|0x0000000098d00000, 0x0000000098d00000, 0x0000000098e00000|  0%| F|  |TAMS 0x0000000098d00000, 0x0000000098d00000| Untracked 
| 250|0x0000000098e00000, 0x0000000098e00000, 0x0000000098f00000|  0%| F|  |TAMS 0x0000000098e00000, 0x0000000098e00000| Untracked 
| 251|0x0000000098f00000, 0x0000000098f00000, 0x0000000099000000|  0%| F|  |TAMS 0x0000000098f00000, 0x0000000098f00000| Untracked 
| 252|0x0000000099000000, 0x0000000099000000, 0x0000000099100000|  0%| F|  |TAMS 0x0000000099000000, 0x0000000099000000| Untracked 
| 253|0x0000000099100000, 0x0000000099100000, 0x0000000099200000|  0%| F|  |TAMS 0x0000000099100000, 0x0000000099100000| Untracked 
| 254|0x0000000099200000, 0x0000000099200000, 0x0000000099300000|  0%| F|  |TAMS 0x0000000099200000, 0x0000000099200000| Untracked 
| 255|0x0000000099300000, 0x0000000099300000, 0x0000000099400000|  0%| F|  |TAMS 0x0000000099300000, 0x0000000099300000| Untracked 
| 256|0x0000000099400000, 0x0000000099400000, 0x0000000099500000|  0%| F|  |TAMS 0x0000000099400000, 0x0000000099400000| Untracked 
| 257|0x0000000099500000, 0x0000000099500000, 0x0000000099600000|  0%| F|  |TAMS 0x0000000099500000, 0x0000000099500000| Untracked 
| 258|0x0000000099600000, 0x0000000099600000, 0x0000000099700000|  0%| F|  |TAMS 0x0000000099600000, 0x0000000099600000| Untracked 
| 259|0x0000000099700000, 0x0000000099700000, 0x0000000099800000|  0%| F|  |TAMS 0x0000000099700000, 0x0000000099700000| Untracked 
| 260|0x0000000099800000, 0x0000000099800000, 0x0000000099900000|  0%| F|  |TAMS 0x0000000099800000, 0x0000000099800000| Untracked 
| 261|0x0000000099900000, 0x0000000099900000, 0x0000000099a00000|  0%| F|  |TAMS 0x0000000099900000, 0x0000000099900000| Untracked 
| 262|0x0000000099a00000, 0x0000000099a00000, 0x0000000099b00000|  0%| F|  |TAMS 0x0000000099a00000, 0x0000000099a00000| Untracked 
| 263|0x0000000099b00000, 0x0000000099b00000, 0x0000000099c00000|  0%| F|  |TAMS 0x0000000099b00000, 0x0000000099b00000| Untracked 
| 264|0x0000000099c00000, 0x0000000099c00000, 0x0000000099d00000|  0%| F|  |TAMS 0x0000000099c00000, 0x0000000099c00000| Untracked 
| 265|0x0000000099d00000, 0x0000000099d00000, 0x0000000099e00000|  0%| F|  |TAMS 0x0000000099d00000, 0x0000000099d00000| Untracked 
| 266|0x0000000099e00000, 0x0000000099e00000, 0x0000000099f00000|  0%| F|  |TAMS 0x0000000099e00000, 0x0000000099e00000| Untracked 
| 267|0x0000000099f00000, 0x0000000099f00000, 0x000000009a000000|  0%| F|  |TAMS 0x0000000099f00000, 0x0000000099f00000| Untracked 
| 268|0x000000009a000000, 0x000000009a000000, 0x000000009a100000|  0%| F|  |TAMS 0x000000009a000000, 0x000000009a000000| Untracked 
| 269|0x000000009a100000, 0x000000009a100000, 0x000000009a200000|  0%| F|  |TAMS 0x000000009a100000, 0x000000009a100000| Untracked 
| 270|0x000000009a200000, 0x000000009a200000, 0x000000009a300000|  0%| F|  |TAMS 0x000000009a200000, 0x000000009a200000| Untracked 
| 271|0x000000009a300000, 0x000000009a300000, 0x000000009a400000|  0%| F|  |TAMS 0x000000009a300000, 0x000000009a300000| Untracked 
| 272|0x000000009a400000, 0x000000009a400000, 0x000000009a500000|  0%| F|  |TAMS 0x000000009a400000, 0x000000009a400000| Untracked 
| 273|0x000000009a500000, 0x000000009a500000, 0x000000009a600000|  0%| F|  |TAMS 0x000000009a500000, 0x000000009a500000| Untracked 
| 274|0x000000009a600000, 0x000000009a600000, 0x000000009a700000|  0%| F|  |TAMS 0x000000009a600000, 0x000000009a600000| Untracked 
| 275|0x000000009a700000, 0x000000009a700000, 0x000000009a800000|  0%| F|  |TAMS 0x000000009a700000, 0x000000009a700000| Untracked 
| 276|0x000000009a800000, 0x000000009a800000, 0x000000009a900000|  0%| F|  |TAMS 0x000000009a800000, 0x000000009a800000| Untracked 
| 277|0x000000009a900000, 0x000000009a900000, 0x000000009aa00000|  0%| F|  |TAMS 0x000000009a900000, 0x000000009a900000| Untracked 
| 278|0x000000009aa00000, 0x000000009aa00000, 0x000000009ab00000|  0%| F|  |TAMS 0x000000009aa00000, 0x000000009aa00000| Untracked 
| 279|0x000000009ab00000, 0x000000009ab00000, 0x000000009ac00000|  0%| F|  |TAMS 0x000000009ab00000, 0x000000009ab00000| Untracked 
| 280|0x000000009ac00000, 0x000000009ac00000, 0x000000009ad00000|  0%| F|  |TAMS 0x000000009ac00000, 0x000000009ac00000| Untracked 
| 281|0x000000009ad00000, 0x000000009ad00000, 0x000000009ae00000|  0%| F|  |TAMS 0x000000009ad00000, 0x000000009ad00000| Untracked 
| 282|0x000000009ae00000, 0x000000009ae00000, 0x000000009af00000|  0%| F|  |TAMS 0x000000009ae00000, 0x000000009ae00000| Untracked 
| 283|0x000000009af00000, 0x000000009af00000, 0x000000009b000000|  0%| F|  |TAMS 0x000000009af00000, 0x000000009af00000| Untracked 
| 284|0x000000009b000000, 0x000000009b000000, 0x000000009b100000|  0%| F|  |TAMS 0x000000009b000000, 0x000000009b000000| Untracked 
| 285|0x000000009b100000, 0x000000009b100000, 0x000000009b200000|  0%| F|  |TAMS 0x000000009b100000, 0x000000009b100000| Untracked 
| 286|0x000000009b200000, 0x000000009b200000, 0x000000009b300000|  0%| F|  |TAMS 0x000000009b200000, 0x000000009b200000| Untracked 
| 287|0x000000009b300000, 0x000000009b300000, 0x000000009b400000|  0%| F|  |TAMS 0x000000009b300000, 0x000000009b300000| Untracked 
| 288|0x000000009b400000, 0x000000009b400000, 0x000000009b500000|  0%| F|  |TAMS 0x000000009b400000, 0x000000009b400000| Untracked 
| 289|0x000000009b500000, 0x000000009b500000, 0x000000009b600000|  0%| F|  |TAMS 0x000000009b500000, 0x000000009b500000| Untracked 
| 290|0x000000009b600000, 0x000000009b600000, 0x000000009b700000|  0%| F|  |TAMS 0x000000009b600000, 0x000000009b600000| Untracked 
| 291|0x000000009b700000, 0x000000009b700000, 0x000000009b800000|  0%| F|  |TAMS 0x000000009b700000, 0x000000009b700000| Untracked 
| 292|0x000000009b800000, 0x000000009b800000, 0x000000009b900000|  0%| F|  |TAMS 0x000000009b800000, 0x000000009b800000| Untracked 
| 293|0x000000009b900000, 0x000000009b900000, 0x000000009ba00000|  0%| F|  |TAMS 0x000000009b900000, 0x000000009b900000| Untracked 
|1891|0x00000000ff700000, 0x00000000ff800000, 0x00000000ff800000|100%| O|  |TAMS 0x00000000ff800000, 0x00000000ff800000| Untracked 
|1892|0x00000000ff800000, 0x00000000ff900000, 0x00000000ff900000|100%| O|  |TAMS 0x00000000ff900000, 0x00000000ff900000| Untracked 
|1893|0x00000000ff900000, 0x00000000ffa00000, 0x00000000ffa00000|100%| O|  |TAMS 0x00000000ffa00000, 0x00000000ffa00000| Untracked 
|1894|0x00000000ffa00000, 0x00000000ffb00000, 0x00000000ffb00000|100%| O|  |TAMS 0x00000000ffb00000, 0x00000000ffb00000| Untracked 
|1895|0x00000000ffb00000, 0x00000000ffc00000, 0x00000000ffc00000|100%| O|  |TAMS 0x00000000ffc00000, 0x00000000ffc00000| Untracked 
|1896|0x00000000ffc00000, 0x00000000ffd00000, 0x00000000ffd00000|100%| O|  |TAMS 0x00000000ffd00000, 0x00000000ffd00000| Untracked 
|1897|0x00000000ffd00000, 0x00000000ffe00000, 0x00000000ffe00000|100%| O|  |TAMS 0x00000000ffe00000, 0x00000000ffe00000| Untracked 
|1898|0x00000000ffe00000, 0x00000000fff00000, 0x00000000fff00000|100%| O|  |TAMS 0x00000000fff00000, 0x00000000fff00000| Untracked 
|1899|0x00000000fff00000, 0x0000000100000000, 0x0000000100000000|100%| O|  |TAMS 0x0000000100000000, 0x0000000100000000| Untracked 

Card table byte_map: [0x000001bca93f0000,0x000001bca97b0000] _byte_map_base: 0x000001bca8fa6000

Marking Bits (Prev, Next): (CMBitMap*) 0x000001bc91c76980, (CMBitMap*) 0x000001bc91c76940
 Prev Bits: [0x000001bcab920000, 0x000001bcad6d0000)
 Next Bits: [0x000001bca9b70000, 0x000001bcab920000)

Polling page: 0x000001bc8fa10000

Metaspace:

Usage:
  Non-class:     50.33 MB used.
      Class:      6.27 MB used.
       Both:     56.60 MB used.

Virtual space:
  Non-class space:       64.00 MB reserved,      50.44 MB ( 79%) committed,  1 nodes.
      Class space:        1.00 GB reserved,       6.44 MB ( <1%) committed,  1 nodes.
             Both:        1.06 GB reserved,      56.88 MB (  5%) committed. 

Chunk freelists:
   Non-Class:  12.56 MB
       Class:  9.60 MB
        Both:  22.16 MB

MaxMetaspaceSize: unlimited
CompressedClassSpaceSize: 1.00 GB
Initial GC threshold: 21.00 MB
Current GC threshold: 75.88 MB
CDS: on
MetaspaceReclaimPolicy: balanced
 - commit_granule_bytes: 65536.
 - commit_granule_words: 8192.
 - virtual_space_node_default_size: 8388608.
 - enlarge_chunks_in_place: 1.
 - new_chunks_are_fully_committed: 0.
 - uncommit_free_chunks: 1.
 - use_allocation_guard: 0.
 - handle_deallocations: 1.


Internal statistics:

num_allocs_failed_limit: 6.
num_arena_births: 322.
num_arena_deaths: 0.
num_vsnodes_births: 2.
num_vsnodes_deaths: 0.
num_space_committed: 908.
num_space_uncommitted: 0.
num_chunks_returned_to_freelist: 6.
num_chunks_taken_from_freelist: 2556.
num_chunk_merges: 6.
num_chunk_splits: 1955.
num_chunks_enlarged: 1649.
num_inconsistent_stats: 0.

CodeHeap 'non-profiled nmethods': size=119168Kb used=8561Kb max_used=8910Kb free=110606Kb
 bounds [0x000001bca1350000, 0x000001bca1c10000, 0x000001bca87b0000]
CodeHeap 'profiled nmethods': size=119104Kb used=35901Kb max_used=36452Kb free=83202Kb
 bounds [0x000001bc997b0000, 0x000001bc9bb60000, 0x000001bca0c00000]
CodeHeap 'non-nmethods': size=7488Kb used=1312Kb max_used=2381Kb free=6175Kb
 bounds [0x000001bca0c00000, 0x000001bca0e70000, 0x000001bca1350000]
 total_blobs=12622 nmethods=12011 adapters=520
 compilation: enabled
              stopped_count=0, restarted_count=0
 full_count=0

Compilation events (20 events):
Event: 162.397 Thread 0x000001bcb0677aa0 14870       3       java.lang.Integer::equals (29 bytes)
Event: 162.397 Thread 0x000001bcb0677aa0 nmethod 14870 0x000001bc9a142510 code [0x000001bc9a1426c0, 0x000001bc9a142a98]
Event: 162.427 Thread 0x000001bcb066f410 nmethod 14869 0x000001bca1957390 code [0x000001bca19577c0, 0x000001bca1959378]
Event: 162.540 Thread 0x000001bcb0677aa0 14871       3       org.jetbrains.kotlin.resolve.calls.inference.model.MutableVariableWithConstraints::simplifyLowerConstraints (169 bytes)
Event: 162.544 Thread 0x000001bcb0677aa0 nmethod 14871 0x000001bc9a2b7d90 code [0x000001bc9a2b8120, 0x000001bc9a2b9998]
Event: 162.544 Thread 0x000001bcb0677aa0 14872       3       org.jetbrains.kotlin.resolve.calls.inference.model.MutableVariableWithConstraints::simplifyEqualityConstraints (361 bytes)
Event: 162.547 Thread 0x000001bcb0677aa0 nmethod 14872 0x000001bc9bb4ff90 code [0x000001bc9bb50440, 0x000001bc9bb52e58]
Event: 162.547 Thread 0x000001bcb066f410 14874 %     4       org.jetbrains.kotlin.resolve.calls.inference.components.TypeVariableDependencyInformationProvider::computeConstraintEdges @ 15 (142 bytes)
Event: 162.547 Thread 0x000001bcb0677aa0 14873       3       org.jetbrains.kotlin.resolve.calls.inference.model.MutableVariableWithConstraints::simplifyConstraints (10 bytes)
Event: 162.548 Thread 0x000001bcb0677aa0 nmethod 14873 0x000001bc99989790 code [0x000001bc99989940, 0x000001bc99989ab8]
Event: 162.572 Thread 0x000001bcb0677aa0 14876       3       org.jetbrains.kotlin.resolve.calls.inference.components.TrivialConstraintTypeInferenceOracle::isNotInterestingConstraint (38 bytes)
Event: 162.580 Thread 0x000001bcb0677aa0 nmethod 14876 0x000001bc9a240d10 code [0x000001bc9a241060, 0x000001bc9a242278]
Event: 162.616 Thread 0x000001bcb0677aa0 14881       3       org.jetbrains.kotlin.types.AbstractStubType::replaceAttributes (9 bytes)
Event: 162.618 Thread 0x000001bcb0677aa0 nmethod 14881 0x000001bc9a43b090 code [0x000001bc9a43b2a0, 0x000001bc9a43b938]
Event: 162.618 Thread 0x000001bcb0677aa0 14882       3       org.jetbrains.kotlin.types.AbstractStubType::replaceAttributes (11 bytes)
Event: 162.619 Thread 0x000001bcb0677aa0 nmethod 14882 0x000001bc9a001910 code [0x000001bc9a001b20, 0x000001bc9a0020b8]
Event: 162.685 Thread 0x000001bcb066f410 nmethod 14874% 0x000001bca1a8a710 code [0x000001bca1a8aa20, 0x000001bca1a8c220]
Event: 162.685 Thread 0x000001bcb066f410 14875       4       org.jetbrains.kotlin.resolve.calls.inference.components.VariableFixationFinder::findTypeVariableForFixation (340 bytes)
Event: 163.180 Thread 0x000001bcb066f410 nmethod 14875 0x000001bca191b110 code [0x000001bca191b660, 0x000001bca191f4d8]
Event: 163.181 Thread 0x000001bcb066f410 14883       4       org.jetbrains.kotlin.resolve.calls.inference.components.TypeVariableDependencyInformationProvider::computeConstraintEdges (142 bytes)

GC Heap History (20 events):
Event: 148.087 GC heap after
{Heap after GC invocations=27 (full 0):
 garbage-first heap   total 310272K, used 92939K [0x0000000089400000, 0x0000000100000000)
  region size 1024K, 3 young (3072K), 3 survivors (3072K)
 Metaspace       used 57870K, committed 58176K, reserved 1114112K
  class space    used 6420K, committed 6592K, reserved 1048576K
}
Event: 149.044 GC heap before
{Heap before GC invocations=27 (full 0):
 garbage-first heap   total 310272K, used 126731K [0x0000000089400000, 0x0000000100000000)
  region size 1024K, 36 young (36864K), 3 survivors (3072K)
 Metaspace       used 57873K, committed 58176K, reserved 1114112K
  class space    used 6420K, committed 6592K, reserved 1048576K
}
Event: 149.063 GC heap after
{Heap after GC invocations=28 (full 0):
 garbage-first heap   total 310272K, used 93024K [0x0000000089400000, 0x0000000100000000)
  region size 1024K, 3 young (3072K), 3 survivors (3072K)
 Metaspace       used 57873K, committed 58176K, reserved 1114112K
  class space    used 6420K, committed 6592K, reserved 1048576K
}
Event: 150.390 GC heap before
{Heap before GC invocations=28 (full 0):
 garbage-first heap   total 310272K, used 142176K [0x0000000089400000, 0x0000000100000000)
  region size 1024K, 51 young (52224K), 3 survivors (3072K)
 Metaspace       used 57873K, committed 58176K, reserved 1114112K
  class space    used 6420K, committed 6592K, reserved 1048576K
}
Event: 150.408 GC heap after
{Heap after GC invocations=29 (full 0):
 garbage-first heap   total 310272K, used 92912K [0x0000000089400000, 0x0000000100000000)
  region size 1024K, 3 young (3072K), 3 survivors (3072K)
 Metaspace       used 57873K, committed 58176K, reserved 1114112K
  class space    used 6420K, committed 6592K, reserved 1048576K
}
Event: 151.986 GC heap before
{Heap before GC invocations=29 (full 0):
 garbage-first heap   total 310272K, used 166640K [0x0000000089400000, 0x0000000100000000)
  region size 1024K, 75 young (76800K), 3 survivors (3072K)
 Metaspace       used 57873K, committed 58176K, reserved 1114112K
  class space    used 6420K, committed 6592K, reserved 1048576K
}
Event: 152.146 GC heap after
{Heap after GC invocations=30 (full 0):
 garbage-first heap   total 310272K, used 92985K [0x0000000089400000, 0x0000000100000000)
  region size 1024K, 3 young (3072K), 3 survivors (3072K)
 Metaspace       used 57873K, committed 58176K, reserved 1114112K
  class space    used 6420K, committed 6592K, reserved 1048576K
}
Event: 152.424 GC heap before
{Heap before GC invocations=30 (full 0):
 garbage-first heap   total 310272K, used 166713K [0x0000000089400000, 0x0000000100000000)
  region size 1024K, 75 young (76800K), 3 survivors (3072K)
 Metaspace       used 57874K, committed 58176K, reserved 1114112K
  class space    used 6420K, committed 6592K, reserved 1048576K
}
Event: 152.428 GC heap after
{Heap after GC invocations=31 (full 0):
 garbage-first heap   total 310272K, used 92984K [0x0000000089400000, 0x0000000100000000)
  region size 1024K, 3 young (3072K), 3 survivors (3072K)
 Metaspace       used 57874K, committed 58176K, reserved 1114112K
  class space    used 6420K, committed 6592K, reserved 1048576K
}
Event: 157.698 GC heap before
{Heap before GC invocations=31 (full 0):
 garbage-first heap   total 310272K, used 230200K [0x0000000089400000, 0x0000000100000000)
  region size 1024K, 137 young (140288K), 3 survivors (3072K)
 Metaspace       used 57885K, committed 58176K, reserved 1114112K
  class space    used 6420K, committed 6592K, reserved 1048576K
}
Event: 157.733 GC heap after
{Heap after GC invocations=32 (full 0):
 garbage-first heap   total 310272K, used 92863K [0x0000000089400000, 0x0000000100000000)
  region size 1024K, 3 young (3072K), 3 survivors (3072K)
 Metaspace       used 57885K, committed 58176K, reserved 1114112K
  class space    used 6420K, committed 6592K, reserved 1048576K
}
Event: 160.211 GC heap before
{Heap before GC invocations=32 (full 0):
 garbage-first heap   total 310272K, used 263871K [0x0000000089400000, 0x0000000100000000)
  region size 1024K, 170 young (174080K), 3 survivors (3072K)
 Metaspace       used 57911K, committed 58240K, reserved 1114112K
  class space    used 6420K, committed 6592K, reserved 1048576K
}
Event: 160.261 GC heap after
{Heap after GC invocations=33 (full 0):
 garbage-first heap   total 310272K, used 92908K [0x0000000089400000, 0x0000000100000000)
  region size 1024K, 3 young (3072K), 3 survivors (3072K)
 Metaspace       used 57911K, committed 58240K, reserved 1114112K
  class space    used 6420K, committed 6592K, reserved 1048576K
}
Event: 161.052 GC heap before
{Heap before GC invocations=33 (full 0):
 garbage-first heap   total 310272K, used 265964K [0x0000000089400000, 0x0000000100000000)
  region size 1024K, 172 young (176128K), 3 survivors (3072K)
 Metaspace       used 57937K, committed 58240K, reserved 1114112K
  class space    used 6420K, committed 6592K, reserved 1048576K
}
Event: 161.085 GC heap after
{Heap after GC invocations=34 (full 0):
 garbage-first heap   total 310272K, used 93109K [0x0000000089400000, 0x0000000100000000)
  region size 1024K, 3 young (3072K), 3 survivors (3072K)
 Metaspace       used 57937K, committed 58240K, reserved 1114112K
  class space    used 6420K, committed 6592K, reserved 1048576K
}
Event: 161.725 GC heap before
{Heap before GC invocations=34 (full 0):
 garbage-first heap   total 310272K, used 268213K [0x0000000089400000, 0x0000000100000000)
  region size 1024K, 174 young (178176K), 3 survivors (3072K)
 Metaspace       used 57949K, committed 58240K, reserved 1114112K
  class space    used 6420K, committed 6592K, reserved 1048576K
}
Event: 161.767 GC heap after
{Heap after GC invocations=35 (full 0):
 garbage-first heap   total 310272K, used 93392K [0x0000000089400000, 0x0000000100000000)
  region size 1024K, 3 young (3072K), 3 survivors (3072K)
 Metaspace       used 57949K, committed 58240K, reserved 1114112K
  class space    used 6420K, committed 6592K, reserved 1048576K
}
Event: 162.503 GC heap before
{Heap before GC invocations=35 (full 0):
 garbage-first heap   total 310272K, used 270544K [0x0000000089400000, 0x0000000100000000)
  region size 1024K, 176 young (180224K), 3 survivors (3072K)
 Metaspace       used 57954K, committed 58240K, reserved 1114112K
  class space    used 6420K, committed 6592K, reserved 1048576K
}
Event: 162.537 GC heap after
{Heap after GC invocations=36 (full 0):
 garbage-first heap   total 310272K, used 93280K [0x0000000089400000, 0x0000000100000000)
  region size 1024K, 3 young (3072K), 3 survivors (3072K)
 Metaspace       used 57954K, committed 58240K, reserved 1114112K
  class space    used 6420K, committed 6592K, reserved 1048576K
}
Event: 163.349 GC heap before
{Heap before GC invocations=36 (full 0):
 garbage-first heap   total 310272K, used 271456K [0x0000000089400000, 0x0000000100000000)
  region size 1024K, 177 young (181248K), 3 survivors (3072K)
 Metaspace       used 57955K, committed 58240K, reserved 1114112K
  class space    used 6420K, committed 6592K, reserved 1048576K
}

Dll operation events (7 events):
Event: 0.045 Loaded shared library C:\Program Files\Microsoft\jdk-17.0.20.8-hotspot\bin\java.dll
Event: 0.118 Loaded shared library C:\Program Files\Microsoft\jdk-17.0.20.8-hotspot\bin\jsvml.dll
Event: 0.237 Loaded shared library C:\Program Files\Microsoft\jdk-17.0.20.8-hotspot\bin\net.dll
Event: 0.241 Loaded shared library C:\Program Files\Microsoft\jdk-17.0.20.8-hotspot\bin\nio.dll
Event: 0.411 Loaded shared library C:\Program Files\Microsoft\jdk-17.0.20.8-hotspot\bin\zip.dll
Event: 0.488 Loaded shared library C:\Program Files\Microsoft\jdk-17.0.20.8-hotspot\bin\jimage.dll
Event: 2.799 Loaded shared library C:\Program Files\Microsoft\jdk-17.0.20.8-hotspot\bin\verify.dll

Deoptimization events (20 events):
Event: 162.567 Thread 0x000001bc91c1b230 Uncommon trap: trap_request=0xffffff45 fr.pc=0x000001bca1bf8a84 relative=0x00000000000006e4
Event: 162.567 Thread 0x000001bc91c1b230 Uncommon trap: reason=unstable_if action=reinterpret pc=0x000001bca1bf8a84 method=org.jetbrains.kotlin.resolve.calls.inference.components.TrivialConstraintTypeInferenceOracle.isNotInterestingConstraint(Lorg/jetbrains/kotlin/resolve/calls/inference/model/C
Event: 162.568 Thread 0x000001bc91c1b230 DEOPT PACKING pc=0x000001bca1bf8a84 sp=0x00000054901fb580
Event: 162.568 Thread 0x000001bc91c1b230 DEOPT UNPACKING pc=0x000001bca0c569a3 sp=0x00000054901fb528 mode 2
Event: 162.575 Thread 0x000001bc91c1b230 Uncommon trap: trap_request=0xffffff76 fr.pc=0x000001bca1bf0e64 relative=0x0000000000000ee4
Event: 162.578 Thread 0x000001bc91c1b230 Uncommon trap: reason=predicate action=maybe_recompile pc=0x000001bca1bf0e64 method=org.jetbrains.kotlin.resolve.calls.inference.components.TypeVariableDependencyInformationProvider.computeConstraintEdges()V @ 61 c2
Event: 162.578 Thread 0x000001bc91c1b230 DEOPT PACKING pc=0x000001bca1bf0e64 sp=0x00000054901fb770
Event: 162.578 Thread 0x000001bc91c1b230 DEOPT UNPACKING pc=0x000001bca0c569a3 sp=0x00000054901fb760 mode 2
Event: 162.579 Thread 0x000001bc91c1b230 Uncommon trap: trap_request=0xffffffde fr.pc=0x000001bca1be6374 relative=0x0000000000000d74
Event: 162.579 Thread 0x000001bc91c1b230 Uncommon trap: reason=class_check action=maybe_recompile pc=0x000001bca1be6374 method=org.jetbrains.kotlin.resolve.calls.inference.components.TypeVariableDependencyInformationProvider.computeConstraintEdges()V @ 63 c2
Event: 162.579 Thread 0x000001bc91c1b230 DEOPT PACKING pc=0x000001bca1be6374 sp=0x00000054901fb790
Event: 162.579 Thread 0x000001bc91c1b230 DEOPT UNPACKING pc=0x000001bca0c569a3 sp=0x00000054901fb758 mode 2
Event: 162.593 Thread 0x000001bc91c1b230 Uncommon trap: trap_request=0xffffffde fr.pc=0x000001bca1be6374 relative=0x0000000000000d74
Event: 162.593 Thread 0x000001bc91c1b230 Uncommon trap: reason=class_check action=maybe_recompile pc=0x000001bca1be6374 method=org.jetbrains.kotlin.resolve.calls.inference.components.TypeVariableDependencyInformationProvider.computeConstraintEdges()V @ 63 c2
Event: 162.593 Thread 0x000001bc91c1b230 DEOPT PACKING pc=0x000001bca1be6374 sp=0x00000054901fb420
Event: 162.593 Thread 0x000001bc91c1b230 DEOPT UNPACKING pc=0x000001bca0c569a3 sp=0x00000054901fb3e8 mode 2
Event: 162.921 Thread 0x000001bc91c1b230 DEOPT PACKING pc=0x000001bc9ba143d7 sp=0x00000054901fb500
Event: 162.921 Thread 0x000001bc91c1b230 DEOPT UNPACKING pc=0x000001bca0c57143 sp=0x00000054901faa58 mode 0
Event: 163.200 Thread 0x000001bc91c1b230 DEOPT PACKING pc=0x000001bc9ba143d7 sp=0x00000054901fb500
Event: 163.200 Thread 0x000001bc91c1b230 DEOPT UNPACKING pc=0x000001bca0c57143 sp=0x00000054901faa58 mode 0

Classes loaded (20 events):
Event: 30.102 Loading class java/util/stream/Nodes$EmptyNode$OfLong
Event: 30.103 Loading class java/util/stream/Node$OfLong
Event: 30.104 Loading class java/util/stream/Node$OfLong done
Event: 30.104 Loading class java/util/stream/Nodes$EmptyNode$OfLong done
Event: 30.104 Loading class java/util/stream/Nodes$EmptyNode$OfDouble
Event: 30.104 Loading class java/util/stream/Node$OfDouble
Event: 30.105 Loading class java/util/stream/Node$OfDouble done
Event: 30.105 Loading class java/util/stream/Nodes$EmptyNode$OfDouble done
Event: 30.106 Loading class java/util/stream/Nodes$SpinedNodeBuilder
Event: 30.107 Loading class java/util/stream/Node$Builder
Event: 30.109 Loading class java/util/stream/Node$Builder done
Event: 30.109 Loading class java/util/stream/SpinedBuffer
Event: 30.111 Loading class java/util/stream/AbstractSpinedBuffer
Event: 30.112 Loading class java/util/stream/AbstractSpinedBuffer done
Event: 30.112 Loading class java/util/stream/SpinedBuffer done
Event: 30.113 Loading class java/util/stream/Nodes$SpinedNodeBuilder done
Event: 35.893 Loading class java/util/concurrent/locks/AbstractQueuedSynchronizer$Node
Event: 35.914 Loading class java/util/concurrent/locks/AbstractQueuedSynchronizer$Node done
Event: 38.808 Loading class java/util/Collections$2
Event: 38.820 Loading class java/util/Collections$2 done

Classes unloaded (0 events):
No events

Classes redefined (0 events):
No events

Internal exceptions (20 events):
Event: 30.080 Thread 0x000001bc91c1b230 Exception <a 'java/lang/NoSuchMethodError'{0x000000008d115770}: 'void java.lang.invoke.DirectMethodHandle$Holder.invokeInterface(java.lang.Object, java.lang.Object)'> (0x000000008d115770) 
thrown [s\src\hotspot\share\interpreter\linkResolver.cpp, line 759]
Event: 31.526 Thread 0x000001bc91c1b230 Exception <a 'java/lang/NoSuchMethodError'{0x0000000090bf9b18}: 'java.lang.Object java.lang.invoke.DirectMethodHandle$Holder.newInvokeSpecial(java.lang.Object, java.lang.Object, java.lang.Object, java.lang.Object, java.lang.Object, java.lang.Object, java.lang.Object, java.lang.Object)'> (0x0000000090bf9b18) 
thrown [s\src\hotspot\share\interpreter\linkResolver.cpp, line 759]
Event: 31.528 Thread 0x000001bc91c1b230 Exception <a 'java/lang/NoSuchMethodError'{0x0000000090bff130}: 'java.lang.Object java.lang.invoke.DirectMethodHandle$Holder.invokeSpecial(java.lang.Object, java.lang.Object, java.lang.Object, java.lang.Object, java.lang.Object, java.lang.Object, java.lang.Object, java.lang.Object, java.lang.Object)'> (0x0000000090bff130) 
thrown [s\src\hotspot\share\interpreter\linkResolver.cpp, line 759]
Event: 31.529 Thread 0x000001bc91c1b230 Exception <a 'java/lang/NoSuchMethodError'{0x000000008dd04440}: 'java.lang.Object java.lang.invoke.Invokers$Holder.linkToTargetMethod(java.lang.Object, java.lang.Object, java.lang.Object, java.lang.Object, java.lang.Object, java.lang.Object, java.lang.Object, java.lang.Object)'> (0x000000008dd04440) 
thrown [s\src\hotspot\share\interpreter\linkResolver.cpp, line 759]
Event: 31.874 Thread 0x000001bc91c1b230 Exception <a 'java/lang/IncompatibleClassChangeError'{0x000000008dcae980}: Found class java.lang.Object, but interface was expected> (0x000000008dcae980) 
thrown [s\src\hotspot\share\interpreter\linkResolver.cpp, line 826]
Event: 32.345 Thread 0x000001bc91c1b230 Exception <a 'java/lang/NoSuchMethodError'{0x000000008d8302f8}: 'int java.lang.invoke.DirectMethodHandle$Holder.invokeInterface(java.lang.Object, java.lang.Object)'> (0x000000008d8302f8) 
thrown [s\src\hotspot\share\interpreter\linkResolver.cpp, line 759]
Event: 37.726 Thread 0x000001bc91c1b230 Exception <a 'java/lang/NoSuchMethodError'{0x0000000095479d30}: 'java.lang.Object java.lang.invoke.DirectMethodHandle$Holder.invokeSpecial(java.lang.Object, java.lang.Object, int, java.lang.Object, java.lang.Object)'> (0x0000000095479d30) 
thrown [s\src\hotspot\share\interpreter\linkResolver.cpp, line 759]
Event: 38.135 Thread 0x000001bc91c1b230 Exception <a 'java/lang/NoSuchMethodError'{0x00000000952969e8}: 'java.lang.Object java.lang.invoke.DirectMethodHandle$Holder.invokeInterface(java.lang.Object, java.lang.Object, java.lang.Object)'> (0x00000000952969e8) 
thrown [s\src\hotspot\share\interpreter\linkResolver.cpp, line 759]
Event: 38.136 Thread 0x000001bc91c1b230 Exception <a 'java/lang/IncompatibleClassChangeError'{0x000000009529a8a8}: Found class java.lang.Object, but interface was expected> (0x000000009529a8a8) 
thrown [s\src\hotspot\share\interpreter\linkResolver.cpp, line 826]
Event: 38.176 Thread 0x000001bc91c1b230 Implicit null exception at 0x000001bca141eef7 to 0x000001bca141f504
Event: 38.337 Thread 0x000001bc91c1b230 Exception <a 'java/lang/NoSuchMethodError'{0x00000000951bfc70}: 'int java.lang.invoke.DirectMethodHandle$Holder.invokeStaticInit(java.lang.Object, int)'> (0x00000000951bfc70) 
thrown [s\src\hotspot\share\interpreter\linkResolver.cpp, line 759]
Event: 38.460 Thread 0x000001bc91c1b230 Implicit null exception at 0x000001bca1356d7c to 0x000001bca13572b4
Event: 39.019 Thread 0x000001bc91c1b230 Exception <a 'java/lang/NoSuchMethodError'{0x0000000094eeaeb0}: 'java.lang.Object java.lang.invoke.DirectMethodHandle$Holder.invokeStatic(java.lang.Object, int, java.lang.Object)'> (0x0000000094eeaeb0) 
thrown [s\src\hotspot\share\interpreter\linkResolver.cpp, line 759]
Event: 41.776 Thread 0x000001bc91c1b230 Exception <a 'java/lang/NoSuchMethodError'{0x0000000094088a80}: 'java.lang.Object java.lang.invoke.DirectMethodHandle$Holder.invokeStatic(java.lang.Object, int, java.lang.Object, java.lang.Object)'> (0x0000000094088a80) 
thrown [s\src\hotspot\share\interpreter\linkResolver.cpp, line 759]
Event: 41.781 Thread 0x000001bc91c1b230 Exception <a 'java/lang/NoSuchMethodError'{0x0000000094090938}: 'java.lang.Object java.lang.invoke.DirectMethodHandle$Holder.newInvokeSpecial(java.lang.Object, int, java.lang.Object)'> (0x0000000094090938) 
thrown [s\src\hotspot\share\interpreter\linkResolver.cpp, line 759]
Event: 51.333 Thread 0x000001bc91c1b230 Exception <a 'java/lang/NoSuchMethodError'{0x00000000959e6500}: 'java.lang.Object java.lang.invoke.DirectMethodHandle$Holder.newInvokeSpecial(java.lang.Object, java.lang.Object, java.lang.Object, java.lang.Object, java.lang.Object, java.lang.Object, java.lang.Object)'> (0x00000000959e6500) 
thrown [s\src\hotspot\share\interpreter\linkResolver.cpp, line 759]
Event: 51.339 Thread 0x000001bc91c1b230 Exception <a 'java/lang/NoSuchMethodError'{0x00000000959eb8b0}: 'java.lang.Object java.lang.invoke.Invokers$Holder.linkToTargetMethod(java.lang.Object, java.lang.Object, java.lang.Object, java.lang.Object, java.lang.Object, java.lang.Object, java.lang.Object)'> (0x00000000959eb8b0) 
thrown [s\src\hotspot\share\interpreter\linkResolver.cpp, line 759]
Event: 66.470 Thread 0x000001bc91c1b230 Implicit null exception at 0x000001bca17ad2d3 to 0x000001bca17aea18
Event: 84.944 Thread 0x000001bc91c1b230 Implicit null exception at 0x000001bca16d94bd to 0x000001bca16d9dfc
Event: 130.695 Thread 0x000001bc91c1b230 Implicit null exception at 0x000001bca16437af to 0x000001bca1643834

VM Operations (20 events):
Event: 156.271 Executing VM operation: Cleanup done
Event: 157.285 Executing VM operation: Cleanup
Event: 157.286 Executing VM operation: Cleanup done
Event: 157.680 Executing VM operation: G1CollectForAllocation
Event: 157.734 Executing VM operation: G1CollectForAllocation done
Event: 158.748 Executing VM operation: Cleanup
Event: 158.771 Executing VM operation: Cleanup done
Event: 159.773 Executing VM operation: Cleanup
Event: 159.776 Executing VM operation: Cleanup done
Event: 160.200 Executing VM operation: G1CollectForAllocation
Event: 160.261 Executing VM operation: G1CollectForAllocation done
Event: 160.946 Executing VM operation: HandshakeAllThreads
Event: 160.959 Executing VM operation: HandshakeAllThreads done
Event: 161.048 Executing VM operation: G1CollectForAllocation
Event: 161.085 Executing VM operation: G1CollectForAllocation done
Event: 161.686 Executing VM operation: G1CollectForAllocation
Event: 161.768 Executing VM operation: G1CollectForAllocation done
Event: 162.499 Executing VM operation: G1CollectForAllocation
Event: 162.537 Executing VM operation: G1CollectForAllocation done
Event: 163.336 Executing VM operation: G1CollectForAllocation

Memory protections (0 events):
No events

Nmethod flushes (20 events):
Event: 162.675 Thread 0x000001bcb06a1650 flushing  nmethod 0x000001bc9a9b9110
Event: 162.678 Thread 0x000001bcb06a1650 flushing  nmethod 0x000001bc9a9c9d90
Event: 162.690 Thread 0x000001bcb06a1650 flushing  nmethod 0x000001bc9aa1e490
Event: 162.692 Thread 0x000001bcb06a1650 flushing  nmethod 0x000001bc9aa2a990
Event: 162.693 Thread 0x000001bcb06a1650 flushing  nmethod 0x000001bc9aa30390
Event: 162.709 Thread 0x000001bcb06a1650 flushing  nmethod 0x000001bc9aa75f10
Event: 162.812 Thread 0x000001bcb06a1650 flushing  nmethod 0x000001bc9ab28f10
Event: 162.916 Thread 0x000001bcb06a1650 flushing  nmethod 0x000001bc9ac50a90
Event: 162.997 Thread 0x000001bcb06a1650 flushing  nmethod 0x000001bc9ad0a490
Event: 163.020 Thread 0x000001bcb06a1650 flushing  nmethod 0x000001bc9ad7b110
Event: 163.021 Thread 0x000001bcb06a1650 flushing  nmethod 0x000001bc9ad8c590
Event: 163.055 Thread 0x000001bcb06a1650 flushing  nmethod 0x000001bc9ae47a10
Event: 163.133 Thread 0x000001bcb06a1650 flushing  nmethod 0x000001bc9b0c5410
Event: 163.154 Thread 0x000001bcb06a1650 flushing  nmethod 0x000001bc9b15d990
Event: 163.170 Thread 0x000001bcb06a1650 flushing  nmethod 0x000001bc9b1dd110
Event: 163.184 Thread 0x000001bcb06a1650 flushing  nmethod 0x000001bc9b262310
Event: 163.187 Thread 0x000001bcb06a1650 flushing  nmethod 0x000001bc9b288f10
Event: 163.190 Thread 0x000001bcb06a1650 flushing  nmethod 0x000001bc9b2b0590
Event: 163.193 Thread 0x000001bcb06a1650 flushing  nmethod 0x000001bc9b2b9c90
Event: 163.193 Thread 0x000001bcb06a1650 flushing  nmethod 0x000001bc9b2ba810

Events (20 events):
Event: 0.119 Thread 0x000001bc91c1b230 Thread added: 0x000001bc91c1b230
Event: 0.125 Thread 0x000001bc91c1b230 Thread added: 0x000001bcb064c530
Event: 0.126 Thread 0x000001bc91c1b230 Thread added: 0x000001bcb064d1b0
Event: 0.154 Thread 0x000001bc91c1b230 Thread added: 0x000001bcb0665df0
Event: 0.155 Thread 0x000001bc91c1b230 Thread added: 0x000001bcb06662d0
Event: 0.155 Thread 0x000001bc91c1b230 Thread added: 0x000001bcb06667b0
Event: 0.155 Thread 0x000001bc91c1b230 Thread added: 0x000001bcb066d450
Event: 0.155 Thread 0x000001bc91c1b230 Thread added: 0x000001bcb066f410
Event: 0.155 Thread 0x000001bc91c1b230 Thread added: 0x000001bcb0677aa0
Event: 0.155 Thread 0x000001bc91c1b230 Thread added: 0x000001bcb06a1650
Event: 0.221 Thread 0x000001bcb0677aa0 Thread added: 0x000001bcb07b0f00
Event: 0.222 Thread 0x000001bcb0677aa0 Thread added: 0x000001bcb07b61d0
Event: 0.226 Thread 0x000001bc91c1b230 Thread added: 0x000001bcb07cb160
Event: 0.232 Thread 0x000001bc91c1b230 Thread added: 0x000001bcb07d05e0
Event: 0.391 Thread 0x000001bcb066f410 Thread added: 0x000001bcb0816580
Event: 1.063 Thread 0x000001bcb0816580 Thread exited: 0x000001bcb0816580
Event: 13.605 Thread 0x000001bcb07b61d0 Thread exited: 0x000001bcb07b61d0
Event: 28.436 Thread 0x000001bcb07b0f00 Thread exited: 0x000001bcb07b0f00
Event: 42.816 Thread 0x000001bcb0677aa0 Thread added: 0x000001bcf8c440b0
Event: 83.151 Thread 0x000001bcf8c440b0 Thread exited: 0x000001bcf8c440b0


Dynamic libraries:
0x00007ff6f6700000 - 0x00007ff6f670e000 	C:\Program Files\Microsoft\jdk-17.0.20.8-hotspot\bin\java.exe
0x00007ff844980000 - 0x00007ff844be6000 	C:\WINDOWS\SYSTEM32\ntdll.dll
0x00007ff8436d0000 - 0x00007ff843799000 	C:\WINDOWS\System32\KERNEL32.DLL
0x00007ff841ba0000 - 0x00007ff841f9e000 	C:\WINDOWS\System32\KERNELBASE.dll
0x00007ff842060000 - 0x00007ff8421ac000 	C:\WINDOWS\System32\ucrtbase.dll
0x00007ff824360000 - 0x00007ff82437e000 	C:\Program Files\Microsoft\jdk-17.0.20.8-hotspot\bin\VCRUNTIME140.dll
0x00007ff824380000 - 0x00007ff824398000 	C:\Program Files\Microsoft\jdk-17.0.20.8-hotspot\bin\jli.dll
0x00007ff844720000 - 0x00007ff8448e7000 	C:\WINDOWS\System32\USER32.dll
0x00007ff842680000 - 0x00007ff8426a7000 	C:\WINDOWS\System32\win32u.dll
0x00007ff844150000 - 0x00007ff84417b000 	C:\WINDOWS\System32\GDI32.dll
0x00007ff842550000 - 0x00007ff84267a000 	C:\WINDOWS\System32\gdi32full.dll
0x00007ff841fb0000 - 0x00007ff842053000 	C:\WINDOWS\System32\msvcp_win.dll
0x00007ff82f470000 - 0x00007ff82f702000 	C:\WINDOWS\WinSxS\amd64_microsoft.windows.common-controls_6595b64144ccf1df_6.0.26100.8894_none_3e0f749ee32e02ea\COMCTL32.dll
0x00007ff842c90000 - 0x00007ff842d39000 	C:\WINDOWS\System32\msvcrt.dll
0x00007ff8437a0000 - 0x00007ff8437d2000 	C:\WINDOWS\System32\IMM32.DLL
0x00007ff83bd10000 - 0x00007ff83bd1c000 	C:\Program Files\Microsoft\jdk-17.0.20.8-hotspot\bin\vcruntime140_1.dll
0x00007ff819220000 - 0x00007ff8192a9000 	C:\Program Files\Microsoft\jdk-17.0.20.8-hotspot\bin\msvcp140.dll
0x00007fff3fd00000 - 0x00007fff4097b000 	C:\Program Files\Microsoft\jdk-17.0.20.8-hotspot\bin\server\jvm.dll
0x00007ff8432f0000 - 0x00007ff8433a7000 	C:\WINDOWS\System32\ADVAPI32.dll
0x00007ff8430d0000 - 0x00007ff84317a000 	C:\WINDOWS\System32\sechost.dll
0x00007ff844210000 - 0x00007ff844328000 	C:\WINDOWS\System32\RPCRT4.dll
0x00007ff843560000 - 0x00007ff8435e0000 	C:\WINDOWS\System32\WS2_32.dll
0x00007ff841a00000 - 0x00007ff841a5e000 	C:\WINDOWS\SYSTEM32\POWRPROF.dll
0x00007ff83beb0000 - 0x00007ff83bebb000 	C:\WINDOWS\SYSTEM32\VERSION.dll
0x00007ff83f400000 - 0x00007ff83f436000 	C:\WINDOWS\SYSTEM32\WINMM.dll
0x00007ff8419e0000 - 0x00007ff8419f4000 	C:\WINDOWS\SYSTEM32\UMPDC.dll
0x00007ff840880000 - 0x00007ff84089b000 	C:\WINDOWS\SYSTEM32\kernel.appcore.dll
0x00007ff838ce0000 - 0x00007ff838cea000 	C:\Program Files\Microsoft\jdk-17.0.20.8-hotspot\bin\jimage.dll
0x00007ff83f1b0000 - 0x00007ff83f3f2000 	C:\WINDOWS\SYSTEM32\DBGHELP.DLL
0x00007ff842d40000 - 0x00007ff8430c3000 	C:\WINDOWS\System32\combase.dll
0x00007ff8435f0000 - 0x00007ff8436c9000 	C:\WINDOWS\System32\OLEAUT32.dll
0x00007ff83f170000 - 0x00007ff83f1ab000 	C:\WINDOWS\SYSTEM32\dbgcore.DLL
0x00007ff842400000 - 0x00007ff8424ac000 	C:\WINDOWS\System32\bcryptPrimitives.dll
0x00007ff81c9f0000 - 0x00007ff81ca16000 	C:\Program Files\Microsoft\jdk-17.0.20.8-hotspot\bin\java.dll
0x00007ffff8cd0000 - 0x00007ffff8da6000 	C:\Program Files\Microsoft\jdk-17.0.20.8-hotspot\bin\jsvml.dll
0x00007ff8439b0000 - 0x00007ff844142000 	C:\WINDOWS\System32\SHELL32.dll
0x00007ff83f680000 - 0x00007ff83ff12000 	C:\WINDOWS\SYSTEM32\windows.storage.dll
0x00007ff8433b0000 - 0x00007ff8434a7000 	C:\WINDOWS\System32\SHCORE.dll
0x00007ff843280000 - 0x00007ff8432e7000 	C:\WINDOWS\System32\shlwapi.dll
0x00007ff841ac0000 - 0x00007ff841ae9000 	C:\WINDOWS\SYSTEM32\profapi.dll
0x00007ff820750000 - 0x00007ff82076b000 	C:\Program Files\Microsoft\jdk-17.0.20.8-hotspot\bin\net.dll
0x00007ff83b0d0000 - 0x00007ff83b1f7000 	C:\WINDOWS\SYSTEM32\WINHTTP.dll
0x00007ff840e30000 - 0x00007ff840e9c000 	C:\WINDOWS\system32\mswsock.dll
0x00007ff81fff0000 - 0x00007ff820006000 	C:\Program Files\Microsoft\jdk-17.0.20.8-hotspot\bin\nio.dll
0x00007ff81d730000 - 0x00007ff81d748000 	C:\Program Files\Microsoft\jdk-17.0.20.8-hotspot\bin\zip.dll
0x00007ff82dc40000 - 0x00007ff82dc50000 	C:\Program Files\Microsoft\jdk-17.0.20.8-hotspot\bin\verify.dll

dbghelp: loaded successfully - version: 4.0.5 - missing functions: none
symbol engine: initialized successfully - sym options: 0x614 - pdb path: .;C:\Program Files\Microsoft\jdk-17.0.20.8-hotspot\bin;C:\WINDOWS\SYSTEM32;C:\WINDOWS\WinSxS\amd64_microsoft.windows.common-controls_6595b64144ccf1df_6.0.26100.8894_none_3e0f749ee32e02ea;C:\Program Files\Microsoft\jdk-17.0.20.8-hotspot\bin\server

VM Arguments:
java_command: org.jetbrains.kotlin.cli.jvm.K2JVMCompiler @C:\Users\ayoba\OneDrive\Desktop\Seeker\mobile\node_modules\expo-modules-core\android\build\20260808_6171710815547356489.compiler.options
java_class_path (initial): C:\Users\ayoba\.gradle\caches\modules-2\files-2.1\org.jetbrains.kotlin\kotlin-compiler-embeddable\1.9.25\6e698f23ca1f74d6672827f61e92c2fe015d1b88\kotlin-compiler-embeddable-1.9.25.jar;C:\Users\ayoba\.gradle\caches\modules-2\files-2.1\org.jetbrains.kotlin\kotlin-stdlib\1.9.25\f700a2f2b8f0d6d0fde48f56d894dc722fb029d7\kotlin-stdlib-1.9.25.jar;C:\Users\ayoba\.gradle\caches\modules-2\files-2.1\org.jetbrains.kotlin\kotlin-script-runtime\1.9.25\43cdc99e4582c67c2b60f609d0e4c015d33a8e89\kotlin-script-runtime-1.9.25.jar;C:\Users\ayoba\.gradle\caches\modules-2\files-2.1\org.jetbrains.kotlin\kotlin-reflect\1.6.10\1cbe9c92c12a94eea200d23c2bbaedaf3daf5132\kotlin-reflect-1.6.10.jar;C:\Users\ayoba\.gradle\caches\modules-2\files-2.1\org.jetbrains.kotlin\kotlin-daemon-embeddable\1.9.25\3a1ebb4f98ed480e4774f45e3be215626eb3ae02\kotlin-daemon-embeddable-1.9.25.jar;C:\Users\ayoba\.gradle\caches\modules-2\files-2.1\org.jetbrains.intellij.deps\trove4j\1.0.20200330\3afb14d5f9ceb459d724e907a21145e8ff394f02\trove4j-1.0.20200330.jar;C:\Users\ayoba\.gradle\caches\modules-2\files-2.1\org.jetbrains\annotations\13.0\919f0dfe192fb4e063e7dacadee7f8bb9a2672a9\annotations-13.0.jar
Launcher Type: SUN_STANDARD

[Global flags]
     intx CICompilerCount                          = 12                                        {product} {ergonomic}
     uint ConcGCThreads                            = 3                                         {product} {ergonomic}
     uint G1ConcRefinementThreads                  = 13                                        {product} {ergonomic}
   size_t G1HeapRegionSize                         = 1048576                                   {product} {ergonomic}
    uintx GCDrainStackTargetSize                   = 64                                        {product} {ergonomic}
   size_t InitialHeapSize                          = 125829120                                 {product} {ergonomic}
   size_t MarkStackSize                            = 4194304                                   {product} {ergonomic}
   size_t MaxHeapSize                              = 1992294400                                {product} {ergonomic}
   size_t MaxNewSize                               = 1195376640                                {product} {ergonomic}
   size_t MinHeapDeltaBytes                        = 1048576                                   {product} {ergonomic}
   size_t MinHeapSize                              = 8388608                                   {product} {ergonomic}
    uintx NonNMethodCodeHeapSize                   = 7602480                                {pd product} {ergonomic}
    uintx NonProfiledCodeHeapSize                  = 122027880                              {pd product} {ergonomic}
    uintx ProfiledCodeHeapSize                     = 122027880                              {pd product} {ergonomic}
    uintx ReservedCodeCacheSize                    = 251658240                              {pd product} {ergonomic}
     bool SegmentedCodeCache                       = true                                      {product} {ergonomic}
   size_t SoftMaxHeapSize                          = 1992294400                             {manageable} {ergonomic}
     bool UseCompressedClassPointers               = true                           {product lp64_product} {ergonomic}
     bool UseCompressedOops                        = true                           {product lp64_product} {ergonomic}
     bool UseG1GC                                  = true                                      {product} {ergonomic}
     bool UseLargePagesIndividualAllocation        = false                                  {pd product} {ergonomic}

Logging:
Log output configuration:
 #0: stdout all=warning uptime,level,tags
 #1: stderr all=off uptime,level,tags

Environment Variables:
JAVA_HOME=C:/Program Files/Microsoft/jdk-17.0.20.8-hotspot
CLASSPATH=C:\Users\ayoba\OneDrive\Desktop\Seeker\mobile\android\\gradle\wrapper\gradle-wrapper.jar
PATH=C:\Program Files\Git\mingw64\bin;C:\Program Files\Git\usr\bin;C:\Users\ayoba\bin;C:\Program Files\NVIDIA GPU Computing Toolkit\CUDA\v11.7\bin;C:\Program Files\NVIDIA GPU Computing Toolkit\CUDA\v11.7\libnvvp;C:\Python311\Scripts\;C:\Python311\;C:\Program Files\Microsoft HPC Pack 2008 R2\Bin\;C:\Windows\system32;C:\Windows;C:\Windows\System32\Wbem;C:\Windows\System32\WindowsPowerShell\v1.0\;C:\Windows\System32\OpenSSH\;C:\Program Files (x86)\NVIDIA Corporation\PhysX\Common;C:\Program Files\NVIDIA Corporation\NVIDIA NvDLISR;C:\WINDOWS\system32;C:\WINDOWS;C:\WINDOWS\System32\Wbem;C:\WINDOWS\System32\WindowsPowerShell\v1.0\;C:\WINDOWS\System32\OpenSSH\;C:\Program Files\Microsoft SQL Server\120\Tools\Binn\;C:\SIMULIA\Abaqus\Commands;C:\Program Files\Microsoft VS Code\bin;C:\ProgramData\chocolatey\bin;C:\Program Files\NVIDIA Corporation\Nsight Compute 2022.2.0\;C:\WINDOWS\system32;C:\WINDOWS;C:\WINDOWS\System32\Wbem;C:\WINDOWS\System32\WindowsPowerShell\v1.0\;C:\WINDOWS\System32\OpenSSH\;C:\Program Files\Git\cmd;C:\Program Files\nodejs\;C:\Users\ayoba\AppData\Local\Microsoft\WindowsApps;C:\Users\ayoba\AppData\Local\Programs\Zed\bin;C:\Users\ayoba\AppData\Roaming\npm
USERNAME=ayoba
LANG=en_US.UTF-8
TERM=xterm-256color
OS=Windows_NT
PROCESSOR_IDENTIFIER=AMD64 Family 23 Model 96 Stepping 1, AuthenticAMD
TMP=C:\Users\ayoba\AppData\Local\Temp
TEMP=C:\Users\ayoba\AppData\Local\Temp



Periodic native trim disabled


---------------  S Y S T E M  ---------------

OS:
 Windows 11 , 64 bit Build 26100 (10.0.26100.8875)
OS uptime: 14 days 1:26 hours

CPU: total 16 (initial active 16) (16 cores per cpu, 2 threads per core) family 23 model 96 stepping 1 microcode 0x8600104, cx8, cmov, fxsr, ht, mmx, 3dnowpref, sse, sse2, sse3, ssse3, sse4a, sse4.1, sse4.2, popcnt, lzcnt, tsc, tscinvbit, avx, avx2, aes, clmul, bmi1, bmi2, adx, sha, fma, vzeroupper, clflush, clflushopt
Processor Information for the first 16 processors :
  Max Mhz: 3000, Current Mhz: 3000, Mhz Limit: 3000

Memory: 4k page, system-wide physical 7597M (6M free)
TotalPageFile size 31149M (AvailPageFile size 9M)
current process WorkingSet (physical memory assigned to process): 4M, peak: 275M
current process commit charge ("private bytes"): 560M, peak: 694M

vm_info: OpenJDK 64-Bit Server VM (17.0.20+8-LTS) for windows-amd64 JRE (17.0.20+8-LTS), built on Jul 14 2026 18:14:29 by "MicrosoftCorporation" with MS VC++ 17.14 (VS2022)

END.
